Archive member included because of file (symbol)

c:/program files (x86)/gnu tools arm embedded/4.8 2014q2/bin/../lib/gcc/arm-none-eabi/4.8.4/armv6-m\libgcc.a(_udivsi3.o)
                              ..\obj\stm32f0xx_rcc.o (__aeabi_uidiv)
c:/program files (x86)/gnu tools arm embedded/4.8 2014q2/bin/../lib/gcc/arm-none-eabi/4.8.4/armv6-m\libgcc.a(_divsi3.o)
                              ..\obj\GFXC.o (__aeabi_idiv)
c:/program files (x86)/gnu tools arm embedded/4.8 2014q2/bin/../lib/gcc/arm-none-eabi/4.8.4/armv6-m\libgcc.a(_dvmd_tls.o)
                              c:/program files (x86)/gnu tools arm embedded/4.8 2014q2/bin/../lib/gcc/arm-none-eabi/4.8.4/armv6-m\libgcc.a(_udivsi3.o) (__aeabi_idiv0)
c:/program files (x86)/gnu tools arm embedded/4.8 2014q2/bin/../lib/gcc/arm-none-eabi/4.8.4/armv6-m\libgcc.a(extendsfdf2.o)
                              ..\obj\GFXC.o (__aeabi_f2d)
c:/program files (x86)/gnu tools arm embedded/4.8 2014q2/bin/../lib/gcc/arm-none-eabi/4.8.4/armv6-m\libgcc.a(_clzsi2.o)
                              c:/program files (x86)/gnu tools arm embedded/4.8 2014q2/bin/../lib/gcc/arm-none-eabi/4.8.4/armv6-m\libgcc.a(extendsfdf2.o) (__clzsi2)
c:/program files (x86)/gnu tools arm embedded/4.8 2014q2/bin/../lib/gcc/arm-none-eabi/4.8.4/../../../../arm-none-eabi/lib/armv6-m\libg.a(lib_a-sprintf.o)
                              ..\obj\GFXC.o (sprintf)
c:/program files (x86)/gnu tools arm embedded/4.8 2014q2/bin/../lib/gcc/arm-none-eabi/4.8.4/../../../../arm-none-eabi/lib/armv6-m\libg.a(lib_a-svfprintf.o)
                              c:/program files (x86)/gnu tools arm embedded/4.8 2014q2/bin/../lib/gcc/arm-none-eabi/4.8.4/../../../../arm-none-eabi/lib/armv6-m\libg.a(lib_a-sprintf.o) (_svfprintf_r)
c:/program files (x86)/gnu tools arm embedded/4.8 2014q2/bin/../lib/gcc/arm-none-eabi/4.8.4/../../../../arm-none-eabi/lib/armv6-m\libg.a(lib_a-dtoa.o)
                              c:/program files (x86)/gnu tools arm embedded/4.8 2014q2/bin/../lib/gcc/arm-none-eabi/4.8.4/../../../../arm-none-eabi/lib/armv6-m\libg.a(lib_a-svfprintf.o) (_dtoa_r)
c:/program files (x86)/gnu tools arm embedded/4.8 2014q2/bin/../lib/gcc/arm-none-eabi/4.8.4/../../../../arm-none-eabi/lib/armv6-m\libg.a(lib_a-impure.o)
                              c:/program files (x86)/gnu tools arm embedded/4.8 2014q2/bin/../lib/gcc/arm-none-eabi/4.8.4/../../../../arm-none-eabi/lib/armv6-m\libg.a(lib_a-sprintf.o) (_impure_ptr)
c:/program files (x86)/gnu tools arm embedded/4.8 2014q2/bin/../lib/gcc/arm-none-eabi/4.8.4/../../../../arm-none-eabi/lib/armv6-m\libg.a(lib_a-locale.o)
                              c:/program files (x86)/gnu tools arm embedded/4.8 2014q2/bin/../lib/gcc/arm-none-eabi/4.8.4/../../../../arm-none-eabi/lib/armv6-m\libg.a(lib_a-svfprintf.o) (_localeconv_r)
c:/program files (x86)/gnu tools arm embedded/4.8 2014q2/bin/../lib/gcc/arm-none-eabi/4.8.4/../../../../arm-none-eabi/lib/armv6-m\libg.a(lib_a-mallocr.o)
                              c:/program files (x86)/gnu tools arm embedded/4.8 2014q2/bin/../lib/gcc/arm-none-eabi/4.8.4/../../../../arm-none-eabi/lib/armv6-m\libg.a(lib_a-svfprintf.o) (_malloc_r)
c:/program files (x86)/gnu tools arm embedded/4.8 2014q2/bin/../lib/gcc/arm-none-eabi/4.8.4/../../../../arm-none-eabi/lib/armv6-m\libg.a(lib_a-memchr-stub.o)
                              c:/program files (x86)/gnu tools arm embedded/4.8 2014q2/bin/../lib/gcc/arm-none-eabi/4.8.4/../../../../arm-none-eabi/lib/armv6-m\libg.a(lib_a-svfprintf.o) (memchr)
c:/program files (x86)/gnu tools arm embedded/4.8 2014q2/bin/../lib/gcc/arm-none-eabi/4.8.4/../../../../arm-none-eabi/lib/armv6-m\libg.a(lib_a-memcpy-stub.o)
                              c:/program files (x86)/gnu tools arm embedded/4.8 2014q2/bin/../lib/gcc/arm-none-eabi/4.8.4/../../../../arm-none-eabi/lib/armv6-m\libg.a(lib_a-dtoa.o) (memcpy)
c:/program files (x86)/gnu tools arm embedded/4.8 2014q2/bin/../lib/gcc/arm-none-eabi/4.8.4/../../../../arm-none-eabi/lib/armv6-m\libg.a(lib_a-mlock.o)
                              c:/program files (x86)/gnu tools arm embedded/4.8 2014q2/bin/../lib/gcc/arm-none-eabi/4.8.4/../../../../arm-none-eabi/lib/armv6-m\libg.a(lib_a-mallocr.o) (__malloc_lock)
c:/program files (x86)/gnu tools arm embedded/4.8 2014q2/bin/../lib/gcc/arm-none-eabi/4.8.4/../../../../arm-none-eabi/lib/armv6-m\libg.a(lib_a-mprec.o)
                              c:/program files (x86)/gnu tools arm embedded/4.8 2014q2/bin/../lib/gcc/arm-none-eabi/4.8.4/../../../../arm-none-eabi/lib/armv6-m\libg.a(lib_a-dtoa.o) (_Balloc)
c:/program files (x86)/gnu tools arm embedded/4.8 2014q2/bin/../lib/gcc/arm-none-eabi/4.8.4/../../../../arm-none-eabi/lib/armv6-m\libg.a(lib_a-s_fpclassify.o)
                              c:/program files (x86)/gnu tools arm embedded/4.8 2014q2/bin/../lib/gcc/arm-none-eabi/4.8.4/../../../../arm-none-eabi/lib/armv6-m\libg.a(lib_a-svfprintf.o) (__fpclassifyd)
c:/program files (x86)/gnu tools arm embedded/4.8 2014q2/bin/../lib/gcc/arm-none-eabi/4.8.4/../../../../arm-none-eabi/lib/armv6-m\libg.a(lib_a-sbrkr.o)
                              c:/program files (x86)/gnu tools arm embedded/4.8 2014q2/bin/../lib/gcc/arm-none-eabi/4.8.4/../../../../arm-none-eabi/lib/armv6-m\libg.a(lib_a-mallocr.o) (_sbrk_r)
c:/program files (x86)/gnu tools arm embedded/4.8 2014q2/bin/../lib/gcc/arm-none-eabi/4.8.4/../../../../arm-none-eabi/lib/armv6-m\libg.a(lib_a-strcmp.o)
                              c:/program files (x86)/gnu tools arm embedded/4.8 2014q2/bin/../lib/gcc/arm-none-eabi/4.8.4/../../../../arm-none-eabi/lib/armv6-m\libg.a(lib_a-locale.o) (strcmp)
c:/program files (x86)/gnu tools arm embedded/4.8 2014q2/bin/../lib/gcc/arm-none-eabi/4.8.4/../../../../arm-none-eabi/lib/armv6-m\libg.a(lib_a-strlen.o)
                              c:/program files (x86)/gnu tools arm embedded/4.8 2014q2/bin/../lib/gcc/arm-none-eabi/4.8.4/../../../../arm-none-eabi/lib/armv6-m\libg.a(lib_a-svfprintf.o) (strlen)
c:/program files (x86)/gnu tools arm embedded/4.8 2014q2/bin/../lib/gcc/arm-none-eabi/4.8.4/../../../../arm-none-eabi/lib/armv6-m\libg.a(lib_a-svfiprintf.o)
                              c:/program files (x86)/gnu tools arm embedded/4.8 2014q2/bin/../lib/gcc/arm-none-eabi/4.8.4/../../../../arm-none-eabi/lib/armv6-m\libg.a(lib_a-svfprintf.o) (__ssprint_r)
c:/program files (x86)/gnu tools arm embedded/4.8 2014q2/bin/../lib/gcc/arm-none-eabi/4.8.4/../../../../arm-none-eabi/lib/armv6-m\libg.a(lib_a-callocr.o)
                              c:/program files (x86)/gnu tools arm embedded/4.8 2014q2/bin/../lib/gcc/arm-none-eabi/4.8.4/../../../../arm-none-eabi/lib/armv6-m\libg.a(lib_a-mprec.o) (_calloc_r)
c:/program files (x86)/gnu tools arm embedded/4.8 2014q2/bin/../lib/gcc/arm-none-eabi/4.8.4/../../../../arm-none-eabi/lib/armv6-m\libg.a(lib_a-freer.o)
                              c:/program files (x86)/gnu tools arm embedded/4.8 2014q2/bin/../lib/gcc/arm-none-eabi/4.8.4/../../../../arm-none-eabi/lib/armv6-m\libg.a(lib_a-mallocr.o) (_free_r)
c:/program files (x86)/gnu tools arm embedded/4.8 2014q2/bin/../lib/gcc/arm-none-eabi/4.8.4/../../../../arm-none-eabi/lib/armv6-m\libg.a(lib_a-memmove.o)
                              c:/program files (x86)/gnu tools arm embedded/4.8 2014q2/bin/../lib/gcc/arm-none-eabi/4.8.4/../../../../arm-none-eabi/lib/armv6-m\libg.a(lib_a-svfiprintf.o) (memmove)
c:/program files (x86)/gnu tools arm embedded/4.8 2014q2/bin/../lib/gcc/arm-none-eabi/4.8.4/../../../../arm-none-eabi/lib/armv6-m\libg.a(lib_a-memset.o)
                              c:/program files (x86)/gnu tools arm embedded/4.8 2014q2/bin/../lib/gcc/arm-none-eabi/4.8.4/../../../../arm-none-eabi/lib/armv6-m\libg.a(lib_a-callocr.o) (memset)
c:/program files (x86)/gnu tools arm embedded/4.8 2014q2/bin/../lib/gcc/arm-none-eabi/4.8.4/../../../../arm-none-eabi/lib/armv6-m\libg.a(lib_a-reallocr.o)
                              c:/program files (x86)/gnu tools arm embedded/4.8 2014q2/bin/../lib/gcc/arm-none-eabi/4.8.4/../../../../arm-none-eabi/lib/armv6-m\libg.a(lib_a-svfiprintf.o) (_realloc_r)
c:/program files (x86)/gnu tools arm embedded/4.8 2014q2/bin/../lib/gcc/arm-none-eabi/4.8.4/../../../../arm-none-eabi/lib/armv6-m\libg.a(lib_a-reent.o)
                              c:/program files (x86)/gnu tools arm embedded/4.8 2014q2/bin/../lib/gcc/arm-none-eabi/4.8.4/../../../../arm-none-eabi/lib/armv6-m\libg.a(lib_a-sbrkr.o) (errno)
c:/program files (x86)/gnu tools arm embedded/4.8 2014q2/bin/../lib/gcc/arm-none-eabi/4.8.4/armv6-m\libgcc.a(_arm_cmpdf2.o)
                              c:/program files (x86)/gnu tools arm embedded/4.8 2014q2/bin/../lib/gcc/arm-none-eabi/4.8.4/../../../../arm-none-eabi/lib/armv6-m\libg.a(lib_a-svfprintf.o) (__aeabi_dcmpeq)
c:/program files (x86)/gnu tools arm embedded/4.8 2014q2/bin/../lib/gcc/arm-none-eabi/4.8.4/armv6-m\libgcc.a(_aeabi_uldivmod.o)
                              c:/program files (x86)/gnu tools arm embedded/4.8 2014q2/bin/../lib/gcc/arm-none-eabi/4.8.4/../../../../arm-none-eabi/lib/armv6-m\libg.a(lib_a-svfprintf.o) (__aeabi_uldivmod)
c:/program files (x86)/gnu tools arm embedded/4.8 2014q2/bin/../lib/gcc/arm-none-eabi/4.8.4/armv6-m\libgcc.a(bpabi.o)
                              c:/program files (x86)/gnu tools arm embedded/4.8 2014q2/bin/../lib/gcc/arm-none-eabi/4.8.4/armv6-m\libgcc.a(_aeabi_uldivmod.o) (__gnu_uldivmod_helper)
c:/program files (x86)/gnu tools arm embedded/4.8 2014q2/bin/../lib/gcc/arm-none-eabi/4.8.4/armv6-m\libgcc.a(adddf3.o)
                              c:/program files (x86)/gnu tools arm embedded/4.8 2014q2/bin/../lib/gcc/arm-none-eabi/4.8.4/../../../../arm-none-eabi/lib/armv6-m\libg.a(lib_a-dtoa.o) (__aeabi_dadd)
c:/program files (x86)/gnu tools arm embedded/4.8 2014q2/bin/../lib/gcc/arm-none-eabi/4.8.4/armv6-m\libgcc.a(divdf3.o)
                              c:/program files (x86)/gnu tools arm embedded/4.8 2014q2/bin/../lib/gcc/arm-none-eabi/4.8.4/../../../../arm-none-eabi/lib/armv6-m\libg.a(lib_a-dtoa.o) (__aeabi_ddiv)
c:/program files (x86)/gnu tools arm embedded/4.8 2014q2/bin/../lib/gcc/arm-none-eabi/4.8.4/armv6-m\libgcc.a(eqdf2.o)
                              c:/program files (x86)/gnu tools arm embedded/4.8 2014q2/bin/../lib/gcc/arm-none-eabi/4.8.4/armv6-m\libgcc.a(_arm_cmpdf2.o) (__eqdf2)
c:/program files (x86)/gnu tools arm embedded/4.8 2014q2/bin/../lib/gcc/arm-none-eabi/4.8.4/armv6-m\libgcc.a(gedf2.o)
                              c:/program files (x86)/gnu tools arm embedded/4.8 2014q2/bin/../lib/gcc/arm-none-eabi/4.8.4/armv6-m\libgcc.a(_arm_cmpdf2.o) (__gedf2)
c:/program files (x86)/gnu tools arm embedded/4.8 2014q2/bin/../lib/gcc/arm-none-eabi/4.8.4/armv6-m\libgcc.a(ledf2.o)
                              c:/program files (x86)/gnu tools arm embedded/4.8 2014q2/bin/../lib/gcc/arm-none-eabi/4.8.4/armv6-m\libgcc.a(_arm_cmpdf2.o) (__ledf2)
c:/program files (x86)/gnu tools arm embedded/4.8 2014q2/bin/../lib/gcc/arm-none-eabi/4.8.4/armv6-m\libgcc.a(muldf3.o)
                              c:/program files (x86)/gnu tools arm embedded/4.8 2014q2/bin/../lib/gcc/arm-none-eabi/4.8.4/../../../../arm-none-eabi/lib/armv6-m\libg.a(lib_a-dtoa.o) (__aeabi_dmul)
c:/program files (x86)/gnu tools arm embedded/4.8 2014q2/bin/../lib/gcc/arm-none-eabi/4.8.4/armv6-m\libgcc.a(subdf3.o)
                              c:/program files (x86)/gnu tools arm embedded/4.8 2014q2/bin/../lib/gcc/arm-none-eabi/4.8.4/../../../../arm-none-eabi/lib/armv6-m\libg.a(lib_a-dtoa.o) (__aeabi_dsub)
c:/program files (x86)/gnu tools arm embedded/4.8 2014q2/bin/../lib/gcc/arm-none-eabi/4.8.4/armv6-m\libgcc.a(fixdfsi.o)
                              c:/program files (x86)/gnu tools arm embedded/4.8 2014q2/bin/../lib/gcc/arm-none-eabi/4.8.4/../../../../arm-none-eabi/lib/armv6-m\libg.a(lib_a-dtoa.o) (__aeabi_d2iz)
c:/program files (x86)/gnu tools arm embedded/4.8 2014q2/bin/../lib/gcc/arm-none-eabi/4.8.4/armv6-m\libgcc.a(floatsidf.o)
                              c:/program files (x86)/gnu tools arm embedded/4.8 2014q2/bin/../lib/gcc/arm-none-eabi/4.8.4/../../../../arm-none-eabi/lib/armv6-m\libg.a(lib_a-dtoa.o) (__aeabi_i2d)
c:/program files (x86)/gnu tools arm embedded/4.8 2014q2/bin/../lib/gcc/arm-none-eabi/4.8.4/armv6-m\libgcc.a(floatunsidf.o)
                              c:/program files (x86)/gnu tools arm embedded/4.8 2014q2/bin/../lib/gcc/arm-none-eabi/4.8.4/../../../../arm-none-eabi/lib/armv6-m\libg.a(lib_a-dtoa.o) (__aeabi_ui2d)
c:/program files (x86)/gnu tools arm embedded/4.8 2014q2/bin/../lib/gcc/arm-none-eabi/4.8.4/armv6-m\libgcc.a(_muldi3.o)
                              c:/program files (x86)/gnu tools arm embedded/4.8 2014q2/bin/../lib/gcc/arm-none-eabi/4.8.4/armv6-m\libgcc.a(bpabi.o) (__aeabi_lmul)
c:/program files (x86)/gnu tools arm embedded/4.8 2014q2/bin/../lib/gcc/arm-none-eabi/4.8.4/armv6-m\libgcc.a(_divdi3.o)
                              c:/program files (x86)/gnu tools arm embedded/4.8 2014q2/bin/../lib/gcc/arm-none-eabi/4.8.4/armv6-m\libgcc.a(bpabi.o) (__divdi3)
c:/program files (x86)/gnu tools arm embedded/4.8 2014q2/bin/../lib/gcc/arm-none-eabi/4.8.4/armv6-m\libgcc.a(_udivdi3.o)
                              c:/program files (x86)/gnu tools arm embedded/4.8 2014q2/bin/../lib/gcc/arm-none-eabi/4.8.4/armv6-m\libgcc.a(bpabi.o) (__udivdi3)

Allocating common symbols
Common symbol       size              file

errno               0x4               c:/program files (x86)/gnu tools arm embedded/4.8 2014q2/bin/../lib/gcc/arm-none-eabi/4.8.4/../../../../arm-none-eabi/lib/armv6-m\libg.a(lib_a-reent.o)
S                   0x12              ..\obj\ILI9163.o
G                   0x8               ..\obj\ILI9163.o

Discarded input sections

 .text          0x00000000        0x0 ..\obj\stm32f0xx_rcc.o
 .data          0x00000000       0x10 ..\obj\stm32f0xx_rcc.o
 .bss           0x00000000        0x0 ..\obj\stm32f0xx_rcc.o
 .text.RCC_DeInit
                0x00000000       0x60 ..\obj\stm32f0xx_rcc.o
 .text.RCC_HSEConfig
                0x00000000       0x10 ..\obj\stm32f0xx_rcc.o
 .text.RCC_AdjustHSICalibrationValue
                0x00000000       0x14 ..\obj\stm32f0xx_rcc.o
 .text.RCC_HSICmd
                0x00000000       0x20 ..\obj\stm32f0xx_rcc.o
 .text.RCC_AdjustHSI14CalibrationValue
                0x00000000       0x14 ..\obj\stm32f0xx_rcc.o
 .text.RCC_HSI14Cmd
                0x00000000       0x20 ..\obj\stm32f0xx_rcc.o
 .text.RCC_HSI14ADCRequestCmd
                0x00000000       0x20 ..\obj\stm32f0xx_rcc.o
 .text.RCC_LSEConfig
                0x00000000       0x20 ..\obj\stm32f0xx_rcc.o
 .text.RCC_LSEDriveConfig
                0x00000000       0x18 ..\obj\stm32f0xx_rcc.o
 .text.RCC_LSICmd
                0x00000000       0x20 ..\obj\stm32f0xx_rcc.o
 .text.RCC_PLLConfig
                0x00000000       0x20 ..\obj\stm32f0xx_rcc.o
 .text.RCC_PLLCmd
                0x00000000       0x28 ..\obj\stm32f0xx_rcc.o
 .text.RCC_PREDIV1Config
                0x00000000       0x14 ..\obj\stm32f0xx_rcc.o
 .text.RCC_ClockSecuritySystemCmd
                0x00000000       0x28 ..\obj\stm32f0xx_rcc.o
 .text.RCC_MCOConfig
                0x00000000       0x20 ..\obj\stm32f0xx_rcc.o
 .text.RCC_SYSCLKConfig
                0x00000000       0x14 ..\obj\stm32f0xx_rcc.o
 .text.RCC_GetSYSCLKSource
                0x00000000       0x10 ..\obj\stm32f0xx_rcc.o
 .text.RCC_HCLKConfig
                0x00000000       0x14 ..\obj\stm32f0xx_rcc.o
 .text.RCC_PCLKConfig
                0x00000000       0x18 ..\obj\stm32f0xx_rcc.o
 .text.RCC_ADCCLKConfig
                0x00000000       0x34 ..\obj\stm32f0xx_rcc.o
 .text.RCC_CECCLKConfig
                0x00000000       0x18 ..\obj\stm32f0xx_rcc.o
 .text.RCC_I2CCLKConfig
                0x00000000       0x18 ..\obj\stm32f0xx_rcc.o
 .text.RCC_USARTCLKConfig
                0x00000000       0x18 ..\obj\stm32f0xx_rcc.o
 .text.RCC_GetClocksFreq
                0x00000000      0x118 ..\obj\stm32f0xx_rcc.o
 .text.RCC_RTCCLKConfig
                0x00000000       0x10 ..\obj\stm32f0xx_rcc.o
 .text.RCC_RTCCLKCmd
                0x00000000       0x28 ..\obj\stm32f0xx_rcc.o
 .text.RCC_BackupResetCmd
                0x00000000       0x28 ..\obj\stm32f0xx_rcc.o
 .text.RCC_APB1PeriphClockCmd
                0x00000000       0x1c ..\obj\stm32f0xx_rcc.o
 .text.RCC_AHBPeriphResetCmd
                0x00000000       0x1c ..\obj\stm32f0xx_rcc.o
 .text.RCC_APB2PeriphResetCmd
                0x00000000       0x1c ..\obj\stm32f0xx_rcc.o
 .text.RCC_APB1PeriphResetCmd
                0x00000000       0x1c ..\obj\stm32f0xx_rcc.o
 .text.RCC_ITConfig
                0x00000000       0x1c ..\obj\stm32f0xx_rcc.o
 .text.RCC_GetFlagStatus
                0x00000000       0x34 ..\obj\stm32f0xx_rcc.o
 .text.RCC_WaitForHSEStartUp
                0x00000000       0x34 ..\obj\stm32f0xx_rcc.o
 .text.RCC_ClearFlag
                0x00000000       0x14 ..\obj\stm32f0xx_rcc.o
 .text.RCC_GetITStatus
                0x00000000       0x14 ..\obj\stm32f0xx_rcc.o
 .text.RCC_ClearITPendingBit
                0x00000000        0xc ..\obj\stm32f0xx_rcc.o
 .text          0x00000000        0x0 ..\obj\stm32f0xx_adc.o
 .data          0x00000000        0x0 ..\obj\stm32f0xx_adc.o
 .bss           0x00000000        0x0 ..\obj\stm32f0xx_adc.o
 .text.ADC_DeInit
                0x00000000       0x24 ..\obj\stm32f0xx_adc.o
 .text.ADC_Init
                0x00000000       0x2c ..\obj\stm32f0xx_adc.o
 .text.ADC_StructInit
                0x00000000       0x10 ..\obj\stm32f0xx_adc.o
 .text.ADC_Cmd  0x00000000       0x18 ..\obj\stm32f0xx_adc.o
 .text.ADC_JitterCmd
                0x00000000       0x14 ..\obj\stm32f0xx_adc.o
 .text.ADC_AutoPowerOffCmd
                0x00000000       0x20 ..\obj\stm32f0xx_adc.o
 .text.ADC_WaitModeCmd
                0x00000000       0x20 ..\obj\stm32f0xx_adc.o
 .text.ADC_AnalogWatchdogCmd
                0x00000000       0x20 ..\obj\stm32f0xx_adc.o
 .text.ADC_AnalogWatchdogThresholdsConfig
                0x00000000        0x8 ..\obj\stm32f0xx_adc.o
 .text.ADC_AnalogWatchdogSingleChannelConfig
                0x00000000       0x10 ..\obj\stm32f0xx_adc.o
 .text.ADC_AnalogWatchdogSingleChannelCmd
                0x00000000       0x20 ..\obj\stm32f0xx_adc.o
 .text.ADC_TempSensorCmd
                0x00000000       0x28 ..\obj\stm32f0xx_adc.o
 .text.ADC_VrefintCmd
                0x00000000       0x28 ..\obj\stm32f0xx_adc.o
 .text.ADC_VbatCmd
                0x00000000       0x28 ..\obj\stm32f0xx_adc.o
 .text.ADC_ChannelConfig
                0x00000000        0xc ..\obj\stm32f0xx_adc.o
 .text.ADC_ContinuousModeCmd
                0x00000000       0x20 ..\obj\stm32f0xx_adc.o
 .text.ADC_DiscModeCmd
                0x00000000       0x20 ..\obj\stm32f0xx_adc.o
 .text.ADC_OverrunModeCmd
                0x00000000       0x20 ..\obj\stm32f0xx_adc.o
 .text.ADC_GetCalibrationFactor
                0x00000000       0x38 ..\obj\stm32f0xx_adc.o
 .text.ADC_StopOfConversion
                0x00000000        0xc ..\obj\stm32f0xx_adc.o
 .text.ADC_StartOfConversion
                0x00000000        0xc ..\obj\stm32f0xx_adc.o
 .text.ADC_GetConversionValue
                0x00000000        0x8 ..\obj\stm32f0xx_adc.o
 .text.ADC_DMACmd
                0x00000000       0x18 ..\obj\stm32f0xx_adc.o
 .text.ADC_DMARequestModeConfig
                0x00000000       0x10 ..\obj\stm32f0xx_adc.o
 .text.ADC_ITConfig
                0x00000000       0x14 ..\obj\stm32f0xx_adc.o
 .text.ADC_GetFlagStatus
                0x00000000       0x1c ..\obj\stm32f0xx_adc.o
 .text.ADC_ClearFlag
                0x00000000        0x4 ..\obj\stm32f0xx_adc.o
 .text.ADC_GetITStatus
                0x00000000       0x14 ..\obj\stm32f0xx_adc.o
 .text.ADC_ClearITPendingBit
                0x00000000        0x4 ..\obj\stm32f0xx_adc.o
 .debug_info    0x00000000      0x8c8 ..\obj\stm32f0xx_adc.o
 .debug_abbrev  0x00000000      0x1b0 ..\obj\stm32f0xx_adc.o
 .debug_loc     0x00000000      0x421 ..\obj\stm32f0xx_adc.o
 .debug_aranges
                0x00000000      0x100 ..\obj\stm32f0xx_adc.o
 .debug_ranges  0x00000000       0xf0 ..\obj\stm32f0xx_adc.o
 .debug_line    0x00000000      0x429 ..\obj\stm32f0xx_adc.o
 .debug_str     0x00000000      0x5af ..\obj\stm32f0xx_adc.o
 .comment       0x00000000       0x71 ..\obj\stm32f0xx_adc.o
 .ARM.attributes
                0x00000000       0x31 ..\obj\stm32f0xx_adc.o
 .debug_frame   0x00000000      0x1f0 ..\obj\stm32f0xx_adc.o
 .text          0x00000000        0x0 ..\obj\GFXC.o
 .data          0x00000000        0x0 ..\obj\GFXC.o
 .bss           0x00000000        0x0 ..\obj\GFXC.o
 .text.ColIP    0x00000000       0x50 ..\obj\GFXC.o
 .text.ColP     0x00000000       0x30 ..\obj\GFXC.o
 .text.PChar    0x00000000       0xe8 ..\obj\GFXC.o
 .text.PNumF    0x00000000       0x98 ..\obj\GFXC.o
 .text.LineC    0x00000000       0xac ..\obj\GFXC.o
 .text.FillRec  0x00000000       0xa8 ..\obj\GFXC.o
 .text.Row      0x00000000       0x58 ..\obj\GFXC.o
 .text.Column   0x00000000       0x58 ..\obj\GFXC.o
 .text.Semicircle
                0x00000000       0xa8 ..\obj\GFXC.o
 .text.Rect     0x00000000      0x134 ..\obj\GFXC.o
 .text.LineP    0x00000000       0x54 ..\obj\GFXC.o
 .text.Triangle
                0x00000000       0xd8 ..\obj\GFXC.o
 .text.IAbs     0x00000000        0x8 ..\obj\GFXC.o
 .text.StrLen   0x00000000       0x14 ..\obj\GFXC.o
 .text.PStr     0x00000000       0x5c ..\obj\GFXC.o
 .text.FPow     0x00000000       0x28 ..\obj\GFXC.o
 .text.CheckNumLength
                0x00000000       0x20 ..\obj\GFXC.o
 .text.PNum     0x00000000       0xd8 ..\obj\GFXC.o
 .rodata        0x00000000      0x1e8 ..\obj\GFXC.o
 .rodata.str1.4
                0x00000000        0x8 ..\obj\GFXC.o
 .text          0x00000000        0x0 ..\obj\ILI9163.o
 .data          0x00000000        0x0 ..\obj\ILI9163.o
 .bss           0x00000000        0x0 ..\obj\ILI9163.o
 .text.EToS     0x00000000       0x1c ..\obj\ILI9163.o
 .text          0x00000000        0x0 ..\obj\main.o
 .text          0x00000000       0x14 ..\obj\startup_stm32f0xx.o
 .data          0x00000000        0x0 ..\obj\startup_stm32f0xx.o
 .bss           0x00000000        0x0 ..\obj\startup_stm32f0xx.o
 .text          0x00000000        0x0 ..\obj\stm32f0xx_spi.o
 .data          0x00000000        0x0 ..\obj\stm32f0xx_spi.o
 .bss           0x00000000        0x0 ..\obj\stm32f0xx_spi.o
 .text.SPI_I2S_DeInit
                0x00000000       0x44 ..\obj\stm32f0xx_spi.o
 .text.SPI_StructInit
                0x00000000       0x1c ..\obj\stm32f0xx_spi.o
 .text.I2S_StructInit
                0x00000000       0x14 ..\obj\stm32f0xx_spi.o
 .text.I2S_Init
                0x00000000       0xb4 ..\obj\stm32f0xx_spi.o
 .text.SPI_TIModeCmd
                0x00000000       0x18 ..\obj\stm32f0xx_spi.o
 .text.I2S_Cmd  0x00000000       0x20 ..\obj\stm32f0xx_spi.o
 .text.SPI_DataSizeConfig
                0x00000000       0x10 ..\obj\stm32f0xx_spi.o
 .text.SPI_RxFIFOThresholdConfig
                0x00000000       0x14 ..\obj\stm32f0xx_spi.o
 .text.SPI_BiDirectionalLineConfig
                0x00000000       0x24 ..\obj\stm32f0xx_spi.o
 .text.SPI_NSSInternalSoftwareConfig
                0x00000000       0x24 ..\obj\stm32f0xx_spi.o
 .text.SPI_SSOutputCmd
                0x00000000       0x18 ..\obj\stm32f0xx_spi.o
 .text.SPI_NSSPulseModeCmd
                0x00000000       0x18 ..\obj\stm32f0xx_spi.o
 .text.SPI_I2S_SendData16
                0x00000000        0x4 ..\obj\stm32f0xx_spi.o
 .text.SPI_ReceiveData8
                0x00000000        0x8 ..\obj\stm32f0xx_spi.o
 .text.SPI_I2S_ReceiveData16
                0x00000000        0x8 ..\obj\stm32f0xx_spi.o
 .text.SPI_CRCLengthConfig
                0x00000000       0x14 ..\obj\stm32f0xx_spi.o
 .text.SPI_CalculateCRC
                0x00000000       0x20 ..\obj\stm32f0xx_spi.o
 .text.SPI_TransmitCRC
                0x00000000        0xc ..\obj\stm32f0xx_spi.o
 .text.SPI_GetCRC
                0x00000000       0x10 ..\obj\stm32f0xx_spi.o
 .text.SPI_GetCRCPolynomial
                0x00000000        0x8 ..\obj\stm32f0xx_spi.o
 .text.SPI_I2S_DMACmd
                0x00000000       0x14 ..\obj\stm32f0xx_spi.o
 .text.SPI_LastDMATransferCmd
                0x00000000       0x14 ..\obj\stm32f0xx_spi.o
 .text.SPI_I2S_ITConfig
                0x00000000       0x1c ..\obj\stm32f0xx_spi.o
 .text.SPI_GetTransmissionFIFOStatus
                0x00000000        0xc ..\obj\stm32f0xx_spi.o
 .text.SPI_GetReceptionFIFOStatus
                0x00000000        0xc ..\obj\stm32f0xx_spi.o
 .text.SPI_I2S_ClearFlag
                0x00000000        0x8 ..\obj\stm32f0xx_spi.o
 .text.SPI_I2S_GetITStatus
                0x00000000       0x28 ..\obj\stm32f0xx_spi.o
 .text          0x00000000        0x0 ..\obj\stm32f0xx_gpio.o
 .data          0x00000000        0x0 ..\obj\stm32f0xx_gpio.o
 .bss           0x00000000        0x0 ..\obj\stm32f0xx_gpio.o
 .text.GPIO_DeInit
                0x00000000       0xa0 ..\obj\stm32f0xx_gpio.o
 .text.GPIO_StructInit
                0x00000000       0x18 ..\obj\stm32f0xx_gpio.o
 .text.GPIO_PinLockConfig
                0x00000000       0x24 ..\obj\stm32f0xx_gpio.o
 .text.GPIO_ReadInputDataBit
                0x00000000        0xc ..\obj\stm32f0xx_gpio.o
 .text.GPIO_ReadInputData
                0x00000000        0x8 ..\obj\stm32f0xx_gpio.o
 .text.GPIO_ReadOutputDataBit
                0x00000000        0xc ..\obj\stm32f0xx_gpio.o
 .text.GPIO_ReadOutputData
                0x00000000        0x8 ..\obj\stm32f0xx_gpio.o
 .text.GPIO_WriteBit
                0x00000000        0xc ..\obj\stm32f0xx_gpio.o
 .text.GPIO_Write
                0x00000000        0x4 ..\obj\stm32f0xx_gpio.o
 .text          0x00000000        0x0 ..\obj\syscalls.o
 .data          0x00000000        0x0 ..\obj\syscalls.o
 .bss           0x00000000        0x4 ..\obj\syscalls.o
 .text._sbrk    0x00000000       0x24 ..\obj\syscalls.o
 .text.link     0x00000000        0x8 ..\obj\syscalls.o
 .text._close   0x00000000        0x8 ..\obj\syscalls.o
 .text._fstat   0x00000000        0xc ..\obj\syscalls.o
 .text._isatty  0x00000000        0x4 ..\obj\syscalls.o
 .text._lseek   0x00000000        0x4 ..\obj\syscalls.o
 .text._read    0x00000000        0x4 ..\obj\syscalls.o
 .text._write   0x00000000        0x4 ..\obj\syscalls.o
 .text.abort    0x00000000        0x4 ..\obj\syscalls.o
 .debug_info    0x00000000      0x3ed ..\obj\syscalls.o
 .debug_abbrev  0x00000000       0xf1 ..\obj\syscalls.o
 .debug_loc     0x00000000      0x108 ..\obj\syscalls.o
 .debug_aranges
                0x00000000       0x60 ..\obj\syscalls.o
 .debug_ranges  0x00000000       0x50 ..\obj\syscalls.o
 .debug_line    0x00000000      0x162 ..\obj\syscalls.o
 .debug_str     0x00000000      0x2c6 ..\obj\syscalls.o
 .comment       0x00000000       0x71 ..\obj\syscalls.o
 .ARM.attributes
                0x00000000       0x31 ..\obj\syscalls.o
 .debug_frame   0x00000000       0xa0 ..\obj\syscalls.o
 .text          0x00000000        0x0 ..\obj\system_stm32f0xx.o
 .bss           0x00000000        0x0 ..\obj\system_stm32f0xx.o
 .data          0x00000000        0x0 c:/program files (x86)/gnu tools arm embedded/4.8 2014q2/bin/../lib/gcc/arm-none-eabi/4.8.4/armv6-m\libgcc.a(_udivsi3.o)
 .bss           0x00000000        0x0 c:/program files (x86)/gnu tools arm embedded/4.8 2014q2/bin/../lib/gcc/arm-none-eabi/4.8.4/armv6-m\libgcc.a(_udivsi3.o)
 .data          0x00000000        0x0 c:/program files (x86)/gnu tools arm embedded/4.8 2014q2/bin/../lib/gcc/arm-none-eabi/4.8.4/armv6-m\libgcc.a(_divsi3.o)
 .bss           0x00000000        0x0 c:/program files (x86)/gnu tools arm embedded/4.8 2014q2/bin/../lib/gcc/arm-none-eabi/4.8.4/armv6-m\libgcc.a(_divsi3.o)
 .data          0x00000000        0x0 c:/program files (x86)/gnu tools arm embedded/4.8 2014q2/bin/../lib/gcc/arm-none-eabi/4.8.4/armv6-m\libgcc.a(_dvmd_tls.o)
 .bss           0x00000000        0x0 c:/program files (x86)/gnu tools arm embedded/4.8 2014q2/bin/../lib/gcc/arm-none-eabi/4.8.4/armv6-m\libgcc.a(_dvmd_tls.o)
 .text          0x00000000       0xa4 c:/program files (x86)/gnu tools arm embedded/4.8 2014q2/bin/../lib/gcc/arm-none-eabi/4.8.4/armv6-m\libgcc.a(extendsfdf2.o)
 .data          0x00000000        0x0 c:/program files (x86)/gnu tools arm embedded/4.8 2014q2/bin/../lib/gcc/arm-none-eabi/4.8.4/armv6-m\libgcc.a(extendsfdf2.o)
 .bss           0x00000000        0x0 c:/program files (x86)/gnu tools arm embedded/4.8 2014q2/bin/../lib/gcc/arm-none-eabi/4.8.4/armv6-m\libgcc.a(extendsfdf2.o)
 .ARM.attributes
                0x00000000       0x2c c:/program files (x86)/gnu tools arm embedded/4.8 2014q2/bin/../lib/gcc/arm-none-eabi/4.8.4/armv6-m\libgcc.a(extendsfdf2.o)
 .debug_frame   0x00000000       0x2c c:/program files (x86)/gnu tools arm embedded/4.8 2014q2/bin/../lib/gcc/arm-none-eabi/4.8.4/armv6-m\libgcc.a(extendsfdf2.o)
 .text          0x00000000       0x3c c:/program files (x86)/gnu tools arm embedded/4.8 2014q2/bin/../lib/gcc/arm-none-eabi/4.8.4/armv6-m\libgcc.a(_clzsi2.o)
 .data          0x00000000        0x0 c:/program files (x86)/gnu tools arm embedded/4.8 2014q2/bin/../lib/gcc/arm-none-eabi/4.8.4/armv6-m\libgcc.a(_clzsi2.o)
 .bss           0x00000000        0x0 c:/program files (x86)/gnu tools arm embedded/4.8 2014q2/bin/../lib/gcc/arm-none-eabi/4.8.4/armv6-m\libgcc.a(_clzsi2.o)
 .ARM.attributes
                0x00000000       0x1e c:/program files (x86)/gnu tools arm embedded/4.8 2014q2/bin/../lib/gcc/arm-none-eabi/4.8.4/armv6-m\libgcc.a(_clzsi2.o)
 .text          0x00000000        0x0 c:/program files (x86)/gnu tools arm embedded/4.8 2014q2/bin/../lib/gcc/arm-none-eabi/4.8.4/../../../../arm-none-eabi/lib/armv6-m\libg.a(lib_a-sprintf.o)
 .data          0x00000000        0x0 c:/program files (x86)/gnu tools arm embedded/4.8 2014q2/bin/../lib/gcc/arm-none-eabi/4.8.4/../../../../arm-none-eabi/lib/armv6-m\libg.a(lib_a-sprintf.o)
 .bss           0x00000000        0x0 c:/program files (x86)/gnu tools arm embedded/4.8 2014q2/bin/../lib/gcc/arm-none-eabi/4.8.4/../../../../arm-none-eabi/lib/armv6-m\libg.a(lib_a-sprintf.o)
 .text._sprintf_r
                0x00000000       0x40 c:/program files (x86)/gnu tools arm embedded/4.8 2014q2/bin/../lib/gcc/arm-none-eabi/4.8.4/../../../../arm-none-eabi/lib/armv6-m\libg.a(lib_a-sprintf.o)
 .text.sprintf  0x00000000       0x44 c:/program files (x86)/gnu tools arm embedded/4.8 2014q2/bin/../lib/gcc/arm-none-eabi/4.8.4/../../../../arm-none-eabi/lib/armv6-m\libg.a(lib_a-sprintf.o)
 .ARM.attributes
                0x00000000       0x2c c:/program files (x86)/gnu tools arm embedded/4.8 2014q2/bin/../lib/gcc/arm-none-eabi/4.8.4/../../../../arm-none-eabi/lib/armv6-m\libg.a(lib_a-sprintf.o)
 .debug_frame   0x00000000       0x4c c:/program files (x86)/gnu tools arm embedded/4.8 2014q2/bin/../lib/gcc/arm-none-eabi/4.8.4/../../../../arm-none-eabi/lib/armv6-m\libg.a(lib_a-sprintf.o)
 .text          0x00000000        0x0 c:/program files (x86)/gnu tools arm embedded/4.8 2014q2/bin/../lib/gcc/arm-none-eabi/4.8.4/../../../../arm-none-eabi/lib/armv6-m\libg.a(lib_a-svfprintf.o)
 .data          0x00000000        0x0 c:/program files (x86)/gnu tools arm embedded/4.8 2014q2/bin/../lib/gcc/arm-none-eabi/4.8.4/../../../../arm-none-eabi/lib/armv6-m\libg.a(lib_a-svfprintf.o)
 .bss           0x00000000        0x0 c:/program files (x86)/gnu tools arm embedded/4.8 2014q2/bin/../lib/gcc/arm-none-eabi/4.8.4/../../../../arm-none-eabi/lib/armv6-m\libg.a(lib_a-svfprintf.o)
 .text._svfprintf_r
                0x00000000     0x15c8 c:/program files (x86)/gnu tools arm embedded/4.8 2014q2/bin/../lib/gcc/arm-none-eabi/4.8.4/../../../../arm-none-eabi/lib/armv6-m\libg.a(lib_a-svfprintf.o)
 .rodata._svfprintf_r
                0x00000000      0x164 c:/program files (x86)/gnu tools arm embedded/4.8 2014q2/bin/../lib/gcc/arm-none-eabi/4.8.4/../../../../arm-none-eabi/lib/armv6-m\libg.a(lib_a-svfprintf.o)
 .rodata.zeroes.6763
                0x00000000       0x10 c:/program files (x86)/gnu tools arm embedded/4.8 2014q2/bin/../lib/gcc/arm-none-eabi/4.8.4/../../../../arm-none-eabi/lib/armv6-m\libg.a(lib_a-svfprintf.o)
 .rodata.str1.4
                0x00000000       0x44 c:/program files (x86)/gnu tools arm embedded/4.8 2014q2/bin/../lib/gcc/arm-none-eabi/4.8.4/../../../../arm-none-eabi/lib/armv6-m\libg.a(lib_a-svfprintf.o)
 .rodata.blanks.6762
                0x00000000       0x10 c:/program files (x86)/gnu tools arm embedded/4.8 2014q2/bin/../lib/gcc/arm-none-eabi/4.8.4/../../../../arm-none-eabi/lib/armv6-m\libg.a(lib_a-svfprintf.o)
 .ARM.attributes
                0x00000000       0x2c c:/program files (x86)/gnu tools arm embedded/4.8 2014q2/bin/../lib/gcc/arm-none-eabi/4.8.4/../../../../arm-none-eabi/lib/armv6-m\libg.a(lib_a-svfprintf.o)
 .debug_frame   0x00000000       0x3c c:/program files (x86)/gnu tools arm embedded/4.8 2014q2/bin/../lib/gcc/arm-none-eabi/4.8.4/../../../../arm-none-eabi/lib/armv6-m\libg.a(lib_a-svfprintf.o)
 .text          0x00000000        0x0 c:/program files (x86)/gnu tools arm embedded/4.8 2014q2/bin/../lib/gcc/arm-none-eabi/4.8.4/../../../../arm-none-eabi/lib/armv6-m\libg.a(lib_a-dtoa.o)
 .data          0x00000000        0x0 c:/program files (x86)/gnu tools arm embedded/4.8 2014q2/bin/../lib/gcc/arm-none-eabi/4.8.4/../../../../arm-none-eabi/lib/armv6-m\libg.a(lib_a-dtoa.o)
 .bss           0x00000000        0x0 c:/program files (x86)/gnu tools arm embedded/4.8 2014q2/bin/../lib/gcc/arm-none-eabi/4.8.4/../../../../arm-none-eabi/lib/armv6-m\libg.a(lib_a-dtoa.o)
 .text.quorem   0x00000000      0x150 c:/program files (x86)/gnu tools arm embedded/4.8 2014q2/bin/../lib/gcc/arm-none-eabi/4.8.4/../../../../arm-none-eabi/lib/armv6-m\libg.a(lib_a-dtoa.o)
 .text._dtoa_r  0x00000000      0xf38 c:/program files (x86)/gnu tools arm embedded/4.8 2014q2/bin/../lib/gcc/arm-none-eabi/4.8.4/../../../../arm-none-eabi/lib/armv6-m\libg.a(lib_a-dtoa.o)
 .rodata.str1.4
                0x00000000       0x14 c:/program files (x86)/gnu tools arm embedded/4.8 2014q2/bin/../lib/gcc/arm-none-eabi/4.8.4/../../../../arm-none-eabi/lib/armv6-m\libg.a(lib_a-dtoa.o)
 .ARM.attributes
                0x00000000       0x2c c:/program files (x86)/gnu tools arm embedded/4.8 2014q2/bin/../lib/gcc/arm-none-eabi/4.8.4/../../../../arm-none-eabi/lib/armv6-m\libg.a(lib_a-dtoa.o)
 .debug_frame   0x00000000       0x68 c:/program files (x86)/gnu tools arm embedded/4.8 2014q2/bin/../lib/gcc/arm-none-eabi/4.8.4/../../../../arm-none-eabi/lib/armv6-m\libg.a(lib_a-dtoa.o)
 .text          0x00000000        0x0 c:/program files (x86)/gnu tools arm embedded/4.8 2014q2/bin/../lib/gcc/arm-none-eabi/4.8.4/../../../../arm-none-eabi/lib/armv6-m\libg.a(lib_a-impure.o)
 .data          0x00000000        0x0 c:/program files (x86)/gnu tools arm embedded/4.8 2014q2/bin/../lib/gcc/arm-none-eabi/4.8.4/../../../../arm-none-eabi/lib/armv6-m\libg.a(lib_a-impure.o)
 .bss           0x00000000        0x0 c:/program files (x86)/gnu tools arm embedded/4.8 2014q2/bin/../lib/gcc/arm-none-eabi/4.8.4/../../../../arm-none-eabi/lib/armv6-m\libg.a(lib_a-impure.o)
 .data.impure_data
                0x00000000      0x428 c:/program files (x86)/gnu tools arm embedded/4.8 2014q2/bin/../lib/gcc/arm-none-eabi/4.8.4/../../../../arm-none-eabi/lib/armv6-m\libg.a(lib_a-impure.o)
 .data._impure_ptr
                0x00000000        0x4 c:/program files (x86)/gnu tools arm embedded/4.8 2014q2/bin/../lib/gcc/arm-none-eabi/4.8.4/../../../../arm-none-eabi/lib/armv6-m\libg.a(lib_a-impure.o)
 .rodata.str1.4
                0x00000000        0x4 c:/program files (x86)/gnu tools arm embedded/4.8 2014q2/bin/../lib/gcc/arm-none-eabi/4.8.4/../../../../arm-none-eabi/lib/armv6-m\libg.a(lib_a-impure.o)
 .rodata._global_impure_ptr
                0x00000000        0x4 c:/program files (x86)/gnu tools arm embedded/4.8 2014q2/bin/../lib/gcc/arm-none-eabi/4.8.4/../../../../arm-none-eabi/lib/armv6-m\libg.a(lib_a-impure.o)
 .ARM.attributes
                0x00000000       0x2c c:/program files (x86)/gnu tools arm embedded/4.8 2014q2/bin/../lib/gcc/arm-none-eabi/4.8.4/../../../../arm-none-eabi/lib/armv6-m\libg.a(lib_a-impure.o)
 .text          0x00000000        0x0 c:/program files (x86)/gnu tools arm embedded/4.8 2014q2/bin/../lib/gcc/arm-none-eabi/4.8.4/../../../../arm-none-eabi/lib/armv6-m\libg.a(lib_a-locale.o)
 .data          0x00000000        0x0 c:/program files (x86)/gnu tools arm embedded/4.8 2014q2/bin/../lib/gcc/arm-none-eabi/4.8.4/../../../../arm-none-eabi/lib/armv6-m\libg.a(lib_a-locale.o)
 .bss           0x00000000        0x0 c:/program files (x86)/gnu tools arm embedded/4.8 2014q2/bin/../lib/gcc/arm-none-eabi/4.8.4/../../../../arm-none-eabi/lib/armv6-m\libg.a(lib_a-locale.o)
 .text._setlocale_r
                0x00000000       0x44 c:/program files (x86)/gnu tools arm embedded/4.8 2014q2/bin/../lib/gcc/arm-none-eabi/4.8.4/../../../../arm-none-eabi/lib/armv6-m\libg.a(lib_a-locale.o)
 .text.__locale_charset
                0x00000000        0x8 c:/program files (x86)/gnu tools arm embedded/4.8 2014q2/bin/../lib/gcc/arm-none-eabi/4.8.4/../../../../arm-none-eabi/lib/armv6-m\libg.a(lib_a-locale.o)
 .text.__locale_mb_cur_max
                0x00000000        0xc c:/program files (x86)/gnu tools arm embedded/4.8 2014q2/bin/../lib/gcc/arm-none-eabi/4.8.4/../../../../arm-none-eabi/lib/armv6-m\libg.a(lib_a-locale.o)
 .text.__locale_msgcharset
                0x00000000        0x8 c:/program files (x86)/gnu tools arm embedded/4.8 2014q2/bin/../lib/gcc/arm-none-eabi/4.8.4/../../../../arm-none-eabi/lib/armv6-m\libg.a(lib_a-locale.o)
 .text.__locale_cjk_lang
                0x00000000        0x4 c:/program files (x86)/gnu tools arm embedded/4.8 2014q2/bin/../lib/gcc/arm-none-eabi/4.8.4/../../../../arm-none-eabi/lib/armv6-m\libg.a(lib_a-locale.o)
 .text._localeconv_r
                0x00000000        0x8 c:/program files (x86)/gnu tools arm embedded/4.8 2014q2/bin/../lib/gcc/arm-none-eabi/4.8.4/../../../../arm-none-eabi/lib/armv6-m\libg.a(lib_a-locale.o)
 .text.setlocale
                0x00000000       0x18 c:/program files (x86)/gnu tools arm embedded/4.8 2014q2/bin/../lib/gcc/arm-none-eabi/4.8.4/../../../../arm-none-eabi/lib/armv6-m\libg.a(lib_a-locale.o)
 .text.localeconv
                0x00000000        0x8 c:/program files (x86)/gnu tools arm embedded/4.8 2014q2/bin/../lib/gcc/arm-none-eabi/4.8.4/../../../../arm-none-eabi/lib/armv6-m\libg.a(lib_a-locale.o)
 .data.lc_message_charset
                0x00000000       0x20 c:/program files (x86)/gnu tools arm embedded/4.8 2014q2/bin/../lib/gcc/arm-none-eabi/4.8.4/../../../../arm-none-eabi/lib/armv6-m\libg.a(lib_a-locale.o)
 .bss._PathLocale
                0x00000000        0x4 c:/program files (x86)/gnu tools arm embedded/4.8 2014q2/bin/../lib/gcc/arm-none-eabi/4.8.4/../../../../arm-none-eabi/lib/armv6-m\libg.a(lib_a-locale.o)
 .bss.__nlocale_changed
                0x00000000        0x4 c:/program files (x86)/gnu tools arm embedded/4.8 2014q2/bin/../lib/gcc/arm-none-eabi/4.8.4/../../../../arm-none-eabi/lib/armv6-m\libg.a(lib_a-locale.o)
 .bss.__mlocale_changed
                0x00000000        0x4 c:/program files (x86)/gnu tools arm embedded/4.8 2014q2/bin/../lib/gcc/arm-none-eabi/4.8.4/../../../../arm-none-eabi/lib/armv6-m\libg.a(lib_a-locale.o)
 .data.lconv    0x00000000       0x38 c:/program files (x86)/gnu tools arm embedded/4.8 2014q2/bin/../lib/gcc/arm-none-eabi/4.8.4/../../../../arm-none-eabi/lib/armv6-m\libg.a(lib_a-locale.o)
 .rodata.str1.4
                0x00000000       0x14 c:/program files (x86)/gnu tools arm embedded/4.8 2014q2/bin/../lib/gcc/arm-none-eabi/4.8.4/../../../../arm-none-eabi/lib/armv6-m\libg.a(lib_a-locale.o)
 .data.lc_ctype_charset
                0x00000000       0x20 c:/program files (x86)/gnu tools arm embedded/4.8 2014q2/bin/../lib/gcc/arm-none-eabi/4.8.4/../../../../arm-none-eabi/lib/armv6-m\libg.a(lib_a-locale.o)
 .data.__mb_cur_max
                0x00000000        0x4 c:/program files (x86)/gnu tools arm embedded/4.8 2014q2/bin/../lib/gcc/arm-none-eabi/4.8.4/../../../../arm-none-eabi/lib/armv6-m\libg.a(lib_a-locale.o)
 .ARM.attributes
                0x00000000       0x2c c:/program files (x86)/gnu tools arm embedded/4.8 2014q2/bin/../lib/gcc/arm-none-eabi/4.8.4/../../../../arm-none-eabi/lib/armv6-m\libg.a(lib_a-locale.o)
 .debug_frame   0x00000000       0xa4 c:/program files (x86)/gnu tools arm embedded/4.8 2014q2/bin/../lib/gcc/arm-none-eabi/4.8.4/../../../../arm-none-eabi/lib/armv6-m\libg.a(lib_a-locale.o)
 .text          0x00000000        0x0 c:/program files (x86)/gnu tools arm embedded/4.8 2014q2/bin/../lib/gcc/arm-none-eabi/4.8.4/../../../../arm-none-eabi/lib/armv6-m\libg.a(lib_a-mallocr.o)
 .data          0x00000000        0x0 c:/program files (x86)/gnu tools arm embedded/4.8 2014q2/bin/../lib/gcc/arm-none-eabi/4.8.4/../../../../arm-none-eabi/lib/armv6-m\libg.a(lib_a-mallocr.o)
 .bss           0x00000000        0x0 c:/program files (x86)/gnu tools arm embedded/4.8 2014q2/bin/../lib/gcc/arm-none-eabi/4.8.4/../../../../arm-none-eabi/lib/armv6-m\libg.a(lib_a-mallocr.o)
 .text._malloc_r
                0x00000000      0x50c c:/program files (x86)/gnu tools arm embedded/4.8 2014q2/bin/../lib/gcc/arm-none-eabi/4.8.4/../../../../arm-none-eabi/lib/armv6-m\libg.a(lib_a-mallocr.o)
 .data.__malloc_av_
                0x00000000      0x408 c:/program files (x86)/gnu tools arm embedded/4.8 2014q2/bin/../lib/gcc/arm-none-eabi/4.8.4/../../../../arm-none-eabi/lib/armv6-m\libg.a(lib_a-mallocr.o)
 .data.__malloc_trim_threshold
                0x00000000        0x4 c:/program files (x86)/gnu tools arm embedded/4.8 2014q2/bin/../lib/gcc/arm-none-eabi/4.8.4/../../../../arm-none-eabi/lib/armv6-m\libg.a(lib_a-mallocr.o)
 .bss.__malloc_max_total_mem
                0x00000000        0x4 c:/program files (x86)/gnu tools arm embedded/4.8 2014q2/bin/../lib/gcc/arm-none-eabi/4.8.4/../../../../arm-none-eabi/lib/armv6-m\libg.a(lib_a-mallocr.o)
 .bss.__malloc_max_sbrked_mem
                0x00000000        0x4 c:/program files (x86)/gnu tools arm embedded/4.8 2014q2/bin/../lib/gcc/arm-none-eabi/4.8.4/../../../../arm-none-eabi/lib/armv6-m\libg.a(lib_a-mallocr.o)
 .bss.__malloc_top_pad
                0x00000000        0x4 c:/program files (x86)/gnu tools arm embedded/4.8 2014q2/bin/../lib/gcc/arm-none-eabi/4.8.4/../../../../arm-none-eabi/lib/armv6-m\libg.a(lib_a-mallocr.o)
 .bss.__malloc_current_mallinfo
                0x00000000       0x28 c:/program files (x86)/gnu tools arm embedded/4.8 2014q2/bin/../lib/gcc/arm-none-eabi/4.8.4/../../../../arm-none-eabi/lib/armv6-m\libg.a(lib_a-mallocr.o)
 .data.__malloc_sbrk_base
                0x00000000        0x4 c:/program files (x86)/gnu tools arm embedded/4.8 2014q2/bin/../lib/gcc/arm-none-eabi/4.8.4/../../../../arm-none-eabi/lib/armv6-m\libg.a(lib_a-mallocr.o)
 .ARM.attributes
                0x00000000       0x2c c:/program files (x86)/gnu tools arm embedded/4.8 2014q2/bin/../lib/gcc/arm-none-eabi/4.8.4/../../../../arm-none-eabi/lib/armv6-m\libg.a(lib_a-mallocr.o)
 .debug_frame   0x00000000       0x3c c:/program files (x86)/gnu tools arm embedded/4.8 2014q2/bin/../lib/gcc/arm-none-eabi/4.8.4/../../../../arm-none-eabi/lib/armv6-m\libg.a(lib_a-mallocr.o)
 .text          0x00000000        0x0 c:/program files (x86)/gnu tools arm embedded/4.8 2014q2/bin/../lib/gcc/arm-none-eabi/4.8.4/../../../../arm-none-eabi/lib/armv6-m\libg.a(lib_a-memchr-stub.o)
 .data          0x00000000        0x0 c:/program files (x86)/gnu tools arm embedded/4.8 2014q2/bin/../lib/gcc/arm-none-eabi/4.8.4/../../../../arm-none-eabi/lib/armv6-m\libg.a(lib_a-memchr-stub.o)
 .bss           0x00000000        0x0 c:/program files (x86)/gnu tools arm embedded/4.8 2014q2/bin/../lib/gcc/arm-none-eabi/4.8.4/../../../../arm-none-eabi/lib/armv6-m\libg.a(lib_a-memchr-stub.o)
 .text.memchr   0x00000000       0x84 c:/program files (x86)/gnu tools arm embedded/4.8 2014q2/bin/../lib/gcc/arm-none-eabi/4.8.4/../../../../arm-none-eabi/lib/armv6-m\libg.a(lib_a-memchr-stub.o)
 .ARM.attributes
                0x00000000       0x2c c:/program files (x86)/gnu tools arm embedded/4.8 2014q2/bin/../lib/gcc/arm-none-eabi/4.8.4/../../../../arm-none-eabi/lib/armv6-m\libg.a(lib_a-memchr-stub.o)
 .debug_frame   0x00000000       0x30 c:/program files (x86)/gnu tools arm embedded/4.8 2014q2/bin/../lib/gcc/arm-none-eabi/4.8.4/../../../../arm-none-eabi/lib/armv6-m\libg.a(lib_a-memchr-stub.o)
 .text          0x00000000        0x0 c:/program files (x86)/gnu tools arm embedded/4.8 2014q2/bin/../lib/gcc/arm-none-eabi/4.8.4/../../../../arm-none-eabi/lib/armv6-m\libg.a(lib_a-memcpy-stub.o)
 .data          0x00000000        0x0 c:/program files (x86)/gnu tools arm embedded/4.8 2014q2/bin/../lib/gcc/arm-none-eabi/4.8.4/../../../../arm-none-eabi/lib/armv6-m\libg.a(lib_a-memcpy-stub.o)
 .bss           0x00000000        0x0 c:/program files (x86)/gnu tools arm embedded/4.8 2014q2/bin/../lib/gcc/arm-none-eabi/4.8.4/../../../../arm-none-eabi/lib/armv6-m\libg.a(lib_a-memcpy-stub.o)
 .text.memcpy   0x00000000       0x84 c:/program files (x86)/gnu tools arm embedded/4.8 2014q2/bin/../lib/gcc/arm-none-eabi/4.8.4/../../../../arm-none-eabi/lib/armv6-m\libg.a(lib_a-memcpy-stub.o)
 .ARM.attributes
                0x00000000       0x2c c:/program files (x86)/gnu tools arm embedded/4.8 2014q2/bin/../lib/gcc/arm-none-eabi/4.8.4/../../../../arm-none-eabi/lib/armv6-m\libg.a(lib_a-memcpy-stub.o)
 .debug_frame   0x00000000       0x30 c:/program files (x86)/gnu tools arm embedded/4.8 2014q2/bin/../lib/gcc/arm-none-eabi/4.8.4/../../../../arm-none-eabi/lib/armv6-m\libg.a(lib_a-memcpy-stub.o)
 .text          0x00000000        0x0 c:/program files (x86)/gnu tools arm embedded/4.8 2014q2/bin/../lib/gcc/arm-none-eabi/4.8.4/../../../../arm-none-eabi/lib/armv6-m\libg.a(lib_a-mlock.o)
 .data          0x00000000        0x0 c:/program files (x86)/gnu tools arm embedded/4.8 2014q2/bin/../lib/gcc/arm-none-eabi/4.8.4/../../../../arm-none-eabi/lib/armv6-m\libg.a(lib_a-mlock.o)
 .bss           0x00000000        0x0 c:/program files (x86)/gnu tools arm embedded/4.8 2014q2/bin/../lib/gcc/arm-none-eabi/4.8.4/../../../../arm-none-eabi/lib/armv6-m\libg.a(lib_a-mlock.o)
 .text.__malloc_lock
                0x00000000        0x4 c:/program files (x86)/gnu tools arm embedded/4.8 2014q2/bin/../lib/gcc/arm-none-eabi/4.8.4/../../../../arm-none-eabi/lib/armv6-m\libg.a(lib_a-mlock.o)
 .text.__malloc_unlock
                0x00000000        0x4 c:/program files (x86)/gnu tools arm embedded/4.8 2014q2/bin/../lib/gcc/arm-none-eabi/4.8.4/../../../../arm-none-eabi/lib/armv6-m\libg.a(lib_a-mlock.o)
 .ARM.attributes
                0x00000000       0x2c c:/program files (x86)/gnu tools arm embedded/4.8 2014q2/bin/../lib/gcc/arm-none-eabi/4.8.4/../../../../arm-none-eabi/lib/armv6-m\libg.a(lib_a-mlock.o)
 .debug_frame   0x00000000       0x30 c:/program files (x86)/gnu tools arm embedded/4.8 2014q2/bin/../lib/gcc/arm-none-eabi/4.8.4/../../../../arm-none-eabi/lib/armv6-m\libg.a(lib_a-mlock.o)
 .text          0x00000000        0x0 c:/program files (x86)/gnu tools arm embedded/4.8 2014q2/bin/../lib/gcc/arm-none-eabi/4.8.4/../../../../arm-none-eabi/lib/armv6-m\libg.a(lib_a-mprec.o)
 .data          0x00000000        0x0 c:/program files (x86)/gnu tools arm embedded/4.8 2014q2/bin/../lib/gcc/arm-none-eabi/4.8.4/../../../../arm-none-eabi/lib/armv6-m\libg.a(lib_a-mprec.o)
 .bss           0x00000000        0x0 c:/program files (x86)/gnu tools arm embedded/4.8 2014q2/bin/../lib/gcc/arm-none-eabi/4.8.4/../../../../arm-none-eabi/lib/armv6-m\libg.a(lib_a-mprec.o)
 .text._Balloc  0x00000000       0x50 c:/program files (x86)/gnu tools arm embedded/4.8 2014q2/bin/../lib/gcc/arm-none-eabi/4.8.4/../../../../arm-none-eabi/lib/armv6-m\libg.a(lib_a-mprec.o)
 .text._Bfree   0x00000000       0x14 c:/program files (x86)/gnu tools arm embedded/4.8 2014q2/bin/../lib/gcc/arm-none-eabi/4.8.4/../../../../arm-none-eabi/lib/armv6-m\libg.a(lib_a-mprec.o)
 .text.__multadd
                0x00000000       0xa8 c:/program files (x86)/gnu tools arm embedded/4.8 2014q2/bin/../lib/gcc/arm-none-eabi/4.8.4/../../../../arm-none-eabi/lib/armv6-m\libg.a(lib_a-mprec.o)
 .text.__s2b    0x00000000       0x98 c:/program files (x86)/gnu tools arm embedded/4.8 2014q2/bin/../lib/gcc/arm-none-eabi/4.8.4/../../../../arm-none-eabi/lib/armv6-m\libg.a(lib_a-mprec.o)
 .text.__hi0bits
                0x00000000       0x3c c:/program files (x86)/gnu tools arm embedded/4.8 2014q2/bin/../lib/gcc/arm-none-eabi/4.8.4/../../../../arm-none-eabi/lib/armv6-m\libg.a(lib_a-mprec.o)
 .text.__lo0bits
                0x00000000       0x5c c:/program files (x86)/gnu tools arm embedded/4.8 2014q2/bin/../lib/gcc/arm-none-eabi/4.8.4/../../../../arm-none-eabi/lib/armv6-m\libg.a(lib_a-mprec.o)
 .text.__i2b    0x00000000       0x14 c:/program files (x86)/gnu tools arm embedded/4.8 2014q2/bin/../lib/gcc/arm-none-eabi/4.8.4/../../../../arm-none-eabi/lib/armv6-m\libg.a(lib_a-mprec.o)
 .text.__multiply
                0x00000000      0x144 c:/program files (x86)/gnu tools arm embedded/4.8 2014q2/bin/../lib/gcc/arm-none-eabi/4.8.4/../../../../arm-none-eabi/lib/armv6-m\libg.a(lib_a-mprec.o)
 .text.__pow5mult
                0x00000000       0xb8 c:/program files (x86)/gnu tools arm embedded/4.8 2014q2/bin/../lib/gcc/arm-none-eabi/4.8.4/../../../../arm-none-eabi/lib/armv6-m\libg.a(lib_a-mprec.o)
 .text.__lshift
                0x00000000       0xc0 c:/program files (x86)/gnu tools arm embedded/4.8 2014q2/bin/../lib/gcc/arm-none-eabi/4.8.4/../../../../arm-none-eabi/lib/armv6-m\libg.a(lib_a-mprec.o)
 .text.__mcmp   0x00000000       0x38 c:/program files (x86)/gnu tools arm embedded/4.8 2014q2/bin/../lib/gcc/arm-none-eabi/4.8.4/../../../../arm-none-eabi/lib/armv6-m\libg.a(lib_a-mprec.o)
 .text.__mdiff  0x00000000       0xe8 c:/program files (x86)/gnu tools arm embedded/4.8 2014q2/bin/../lib/gcc/arm-none-eabi/4.8.4/../../../../arm-none-eabi/lib/armv6-m\libg.a(lib_a-mprec.o)
 .text.__ulp    0x00000000       0x44 c:/program files (x86)/gnu tools arm embedded/4.8 2014q2/bin/../lib/gcc/arm-none-eabi/4.8.4/../../../../arm-none-eabi/lib/armv6-m\libg.a(lib_a-mprec.o)
 .text.__b2d    0x00000000       0xac c:/program files (x86)/gnu tools arm embedded/4.8 2014q2/bin/../lib/gcc/arm-none-eabi/4.8.4/../../../../arm-none-eabi/lib/armv6-m\libg.a(lib_a-mprec.o)
 .text.__d2b    0x00000000       0xbc c:/program files (x86)/gnu tools arm embedded/4.8 2014q2/bin/../lib/gcc/arm-none-eabi/4.8.4/../../../../arm-none-eabi/lib/armv6-m\libg.a(lib_a-mprec.o)
 .text.__ratio  0x00000000       0x70 c:/program files (x86)/gnu tools arm embedded/4.8 2014q2/bin/../lib/gcc/arm-none-eabi/4.8.4/../../../../arm-none-eabi/lib/armv6-m\libg.a(lib_a-mprec.o)
 .text._mprec_log10
                0x00000000       0x40 c:/program files (x86)/gnu tools arm embedded/4.8 2014q2/bin/../lib/gcc/arm-none-eabi/4.8.4/../../../../arm-none-eabi/lib/armv6-m\libg.a(lib_a-mprec.o)
 .text.__copybits
                0x00000000       0x40 c:/program files (x86)/gnu tools arm embedded/4.8 2014q2/bin/../lib/gcc/arm-none-eabi/4.8.4/../../../../arm-none-eabi/lib/armv6-m\libg.a(lib_a-mprec.o)
 .text.__any_on
                0x00000000       0x60 c:/program files (x86)/gnu tools arm embedded/4.8 2014q2/bin/../lib/gcc/arm-none-eabi/4.8.4/../../../../arm-none-eabi/lib/armv6-m\libg.a(lib_a-mprec.o)
 .rodata.__mprec_tens
                0x00000000       0xc8 c:/program files (x86)/gnu tools arm embedded/4.8 2014q2/bin/../lib/gcc/arm-none-eabi/4.8.4/../../../../arm-none-eabi/lib/armv6-m\libg.a(lib_a-mprec.o)
 .rodata.__mprec_bigtens
                0x00000000       0x28 c:/program files (x86)/gnu tools arm embedded/4.8 2014q2/bin/../lib/gcc/arm-none-eabi/4.8.4/../../../../arm-none-eabi/lib/armv6-m\libg.a(lib_a-mprec.o)
 .rodata.__mprec_tinytens
                0x00000000       0x28 c:/program files (x86)/gnu tools arm embedded/4.8 2014q2/bin/../lib/gcc/arm-none-eabi/4.8.4/../../../../arm-none-eabi/lib/armv6-m\libg.a(lib_a-mprec.o)
 .rodata.p05.5269
                0x00000000        0xc c:/program files (x86)/gnu tools arm embedded/4.8 2014q2/bin/../lib/gcc/arm-none-eabi/4.8.4/../../../../arm-none-eabi/lib/armv6-m\libg.a(lib_a-mprec.o)
 .ARM.attributes
                0x00000000       0x2c c:/program files (x86)/gnu tools arm embedded/4.8 2014q2/bin/../lib/gcc/arm-none-eabi/4.8.4/../../../../arm-none-eabi/lib/armv6-m\libg.a(lib_a-mprec.o)
 .debug_frame   0x00000000      0x260 c:/program files (x86)/gnu tools arm embedded/4.8 2014q2/bin/../lib/gcc/arm-none-eabi/4.8.4/../../../../arm-none-eabi/lib/armv6-m\libg.a(lib_a-mprec.o)
 .text          0x00000000        0x0 c:/program files (x86)/gnu tools arm embedded/4.8 2014q2/bin/../lib/gcc/arm-none-eabi/4.8.4/../../../../arm-none-eabi/lib/armv6-m\libg.a(lib_a-s_fpclassify.o)
 .data          0x00000000        0x0 c:/program files (x86)/gnu tools arm embedded/4.8 2014q2/bin/../lib/gcc/arm-none-eabi/4.8.4/../../../../arm-none-eabi/lib/armv6-m\libg.a(lib_a-s_fpclassify.o)
 .bss           0x00000000        0x0 c:/program files (x86)/gnu tools arm embedded/4.8 2014q2/bin/../lib/gcc/arm-none-eabi/4.8.4/../../../../arm-none-eabi/lib/armv6-m\libg.a(lib_a-s_fpclassify.o)
 .text.__fpclassifyd
                0x00000000       0x60 c:/program files (x86)/gnu tools arm embedded/4.8 2014q2/bin/../lib/gcc/arm-none-eabi/4.8.4/../../../../arm-none-eabi/lib/armv6-m\libg.a(lib_a-s_fpclassify.o)
 .ARM.attributes
                0x00000000       0x2c c:/program files (x86)/gnu tools arm embedded/4.8 2014q2/bin/../lib/gcc/arm-none-eabi/4.8.4/../../../../arm-none-eabi/lib/armv6-m\libg.a(lib_a-s_fpclassify.o)
 .debug_frame   0x00000000       0x2c c:/program files (x86)/gnu tools arm embedded/4.8 2014q2/bin/../lib/gcc/arm-none-eabi/4.8.4/../../../../arm-none-eabi/lib/armv6-m\libg.a(lib_a-s_fpclassify.o)
 .text          0x00000000        0x0 c:/program files (x86)/gnu tools arm embedded/4.8 2014q2/bin/../lib/gcc/arm-none-eabi/4.8.4/../../../../arm-none-eabi/lib/armv6-m\libg.a(lib_a-sbrkr.o)
 .data          0x00000000        0x0 c:/program files (x86)/gnu tools arm embedded/4.8 2014q2/bin/../lib/gcc/arm-none-eabi/4.8.4/../../../../arm-none-eabi/lib/armv6-m\libg.a(lib_a-sbrkr.o)
 .bss           0x00000000        0x0 c:/program files (x86)/gnu tools arm embedded/4.8 2014q2/bin/../lib/gcc/arm-none-eabi/4.8.4/../../../../arm-none-eabi/lib/armv6-m\libg.a(lib_a-sbrkr.o)
 .text._sbrk_r  0x00000000       0x24 c:/program files (x86)/gnu tools arm embedded/4.8 2014q2/bin/../lib/gcc/arm-none-eabi/4.8.4/../../../../arm-none-eabi/lib/armv6-m\libg.a(lib_a-sbrkr.o)
 .ARM.attributes
                0x00000000       0x2c c:/program files (x86)/gnu tools arm embedded/4.8 2014q2/bin/../lib/gcc/arm-none-eabi/4.8.4/../../../../arm-none-eabi/lib/armv6-m\libg.a(lib_a-sbrkr.o)
 .debug_frame   0x00000000       0x2c c:/program files (x86)/gnu tools arm embedded/4.8 2014q2/bin/../lib/gcc/arm-none-eabi/4.8.4/../../../../arm-none-eabi/lib/armv6-m\libg.a(lib_a-sbrkr.o)
 .text          0x00000000       0x14 c:/program files (x86)/gnu tools arm embedded/4.8 2014q2/bin/../lib/gcc/arm-none-eabi/4.8.4/../../../../arm-none-eabi/lib/armv6-m\libg.a(lib_a-strcmp.o)
 .data          0x00000000        0x0 c:/program files (x86)/gnu tools arm embedded/4.8 2014q2/bin/../lib/gcc/arm-none-eabi/4.8.4/../../../../arm-none-eabi/lib/armv6-m\libg.a(lib_a-strcmp.o)
 .bss           0x00000000        0x0 c:/program files (x86)/gnu tools arm embedded/4.8 2014q2/bin/../lib/gcc/arm-none-eabi/4.8.4/../../../../arm-none-eabi/lib/armv6-m\libg.a(lib_a-strcmp.o)
 .ARM.attributes
                0x00000000       0x1c c:/program files (x86)/gnu tools arm embedded/4.8 2014q2/bin/../lib/gcc/arm-none-eabi/4.8.4/../../../../arm-none-eabi/lib/armv6-m\libg.a(lib_a-strcmp.o)
 .text          0x00000000        0x0 c:/program files (x86)/gnu tools arm embedded/4.8 2014q2/bin/../lib/gcc/arm-none-eabi/4.8.4/../../../../arm-none-eabi/lib/armv6-m\libg.a(lib_a-strlen.o)
 .data          0x00000000        0x0 c:/program files (x86)/gnu tools arm embedded/4.8 2014q2/bin/../lib/gcc/arm-none-eabi/4.8.4/../../../../arm-none-eabi/lib/armv6-m\libg.a(lib_a-strlen.o)
 .bss           0x00000000        0x0 c:/program files (x86)/gnu tools arm embedded/4.8 2014q2/bin/../lib/gcc/arm-none-eabi/4.8.4/../../../../arm-none-eabi/lib/armv6-m\libg.a(lib_a-strlen.o)
 .text.strlen   0x00000000       0x10 c:/program files (x86)/gnu tools arm embedded/4.8 2014q2/bin/../lib/gcc/arm-none-eabi/4.8.4/../../../../arm-none-eabi/lib/armv6-m\libg.a(lib_a-strlen.o)
 .ARM.attributes
                0x00000000       0x2c c:/program files (x86)/gnu tools arm embedded/4.8 2014q2/bin/../lib/gcc/arm-none-eabi/4.8.4/../../../../arm-none-eabi/lib/armv6-m\libg.a(lib_a-strlen.o)
 .debug_frame   0x00000000       0x20 c:/program files (x86)/gnu tools arm embedded/4.8 2014q2/bin/../lib/gcc/arm-none-eabi/4.8.4/../../../../arm-none-eabi/lib/armv6-m\libg.a(lib_a-strlen.o)
 .text          0x00000000        0x0 c:/program files (x86)/gnu tools arm embedded/4.8 2014q2/bin/../lib/gcc/arm-none-eabi/4.8.4/../../../../arm-none-eabi/lib/armv6-m\libg.a(lib_a-svfiprintf.o)
 .data          0x00000000        0x0 c:/program files (x86)/gnu tools arm embedded/4.8 2014q2/bin/../lib/gcc/arm-none-eabi/4.8.4/../../../../arm-none-eabi/lib/armv6-m\libg.a(lib_a-svfiprintf.o)
 .bss           0x00000000        0x0 c:/program files (x86)/gnu tools arm embedded/4.8 2014q2/bin/../lib/gcc/arm-none-eabi/4.8.4/../../../../arm-none-eabi/lib/armv6-m\libg.a(lib_a-svfiprintf.o)
 .text.__ssprint_r
                0x00000000      0x12c c:/program files (x86)/gnu tools arm embedded/4.8 2014q2/bin/../lib/gcc/arm-none-eabi/4.8.4/../../../../arm-none-eabi/lib/armv6-m\libg.a(lib_a-svfiprintf.o)
 .text._svfiprintf_r
                0x00000000      0xac4 c:/program files (x86)/gnu tools arm embedded/4.8 2014q2/bin/../lib/gcc/arm-none-eabi/4.8.4/../../../../arm-none-eabi/lib/armv6-m\libg.a(lib_a-svfiprintf.o)
 .rodata._svfiprintf_r
                0x00000000      0x164 c:/program files (x86)/gnu tools arm embedded/4.8 2014q2/bin/../lib/gcc/arm-none-eabi/4.8.4/../../../../arm-none-eabi/lib/armv6-m\libg.a(lib_a-svfiprintf.o)
 .rodata.zeroes.6707
                0x00000000       0x10 c:/program files (x86)/gnu tools arm embedded/4.8 2014q2/bin/../lib/gcc/arm-none-eabi/4.8.4/../../../../arm-none-eabi/lib/armv6-m\libg.a(lib_a-svfiprintf.o)
 .rodata.str1.4
                0x00000000       0x30 c:/program files (x86)/gnu tools arm embedded/4.8 2014q2/bin/../lib/gcc/arm-none-eabi/4.8.4/../../../../arm-none-eabi/lib/armv6-m\libg.a(lib_a-svfiprintf.o)
 .rodata.blanks.6706
                0x00000000       0x10 c:/program files (x86)/gnu tools arm embedded/4.8 2014q2/bin/../lib/gcc/arm-none-eabi/4.8.4/../../../../arm-none-eabi/lib/armv6-m\libg.a(lib_a-svfiprintf.o)
 .ARM.attributes
                0x00000000       0x2c c:/program files (x86)/gnu tools arm embedded/4.8 2014q2/bin/../lib/gcc/arm-none-eabi/4.8.4/../../../../arm-none-eabi/lib/armv6-m\libg.a(lib_a-svfiprintf.o)
 .debug_frame   0x00000000       0x68 c:/program files (x86)/gnu tools arm embedded/4.8 2014q2/bin/../lib/gcc/arm-none-eabi/4.8.4/../../../../arm-none-eabi/lib/armv6-m\libg.a(lib_a-svfiprintf.o)
 .text          0x00000000        0x0 c:/program files (x86)/gnu tools arm embedded/4.8 2014q2/bin/../lib/gcc/arm-none-eabi/4.8.4/../../../../arm-none-eabi/lib/armv6-m\libg.a(lib_a-callocr.o)
 .data          0x00000000        0x0 c:/program files (x86)/gnu tools arm embedded/4.8 2014q2/bin/../lib/gcc/arm-none-eabi/4.8.4/../../../../arm-none-eabi/lib/armv6-m\libg.a(lib_a-callocr.o)
 .bss           0x00000000        0x0 c:/program files (x86)/gnu tools arm embedded/4.8 2014q2/bin/../lib/gcc/arm-none-eabi/4.8.4/../../../../arm-none-eabi/lib/armv6-m\libg.a(lib_a-callocr.o)
 .text._calloc_r
                0x00000000       0x60 c:/program files (x86)/gnu tools arm embedded/4.8 2014q2/bin/../lib/gcc/arm-none-eabi/4.8.4/../../../../arm-none-eabi/lib/armv6-m\libg.a(lib_a-callocr.o)
 .ARM.attributes
                0x00000000       0x2c c:/program files (x86)/gnu tools arm embedded/4.8 2014q2/bin/../lib/gcc/arm-none-eabi/4.8.4/../../../../arm-none-eabi/lib/armv6-m\libg.a(lib_a-callocr.o)
 .debug_frame   0x00000000       0x28 c:/program files (x86)/gnu tools arm embedded/4.8 2014q2/bin/../lib/gcc/arm-none-eabi/4.8.4/../../../../arm-none-eabi/lib/armv6-m\libg.a(lib_a-callocr.o)
 .text          0x00000000        0x0 c:/program files (x86)/gnu tools arm embedded/4.8 2014q2/bin/../lib/gcc/arm-none-eabi/4.8.4/../../../../arm-none-eabi/lib/armv6-m\libg.a(lib_a-freer.o)
 .data          0x00000000        0x0 c:/program files (x86)/gnu tools arm embedded/4.8 2014q2/bin/../lib/gcc/arm-none-eabi/4.8.4/../../../../arm-none-eabi/lib/armv6-m\libg.a(lib_a-freer.o)
 .bss           0x00000000        0x0 c:/program files (x86)/gnu tools arm embedded/4.8 2014q2/bin/../lib/gcc/arm-none-eabi/4.8.4/../../../../arm-none-eabi/lib/armv6-m\libg.a(lib_a-freer.o)
 .text._malloc_trim_r
                0x00000000       0xa0 c:/program files (x86)/gnu tools arm embedded/4.8 2014q2/bin/../lib/gcc/arm-none-eabi/4.8.4/../../../../arm-none-eabi/lib/armv6-m\libg.a(lib_a-freer.o)
 .text._free_r  0x00000000      0x190 c:/program files (x86)/gnu tools arm embedded/4.8 2014q2/bin/../lib/gcc/arm-none-eabi/4.8.4/../../../../arm-none-eabi/lib/armv6-m\libg.a(lib_a-freer.o)
 .ARM.attributes
                0x00000000       0x2c c:/program files (x86)/gnu tools arm embedded/4.8 2014q2/bin/../lib/gcc/arm-none-eabi/4.8.4/../../../../arm-none-eabi/lib/armv6-m\libg.a(lib_a-freer.o)
 .debug_frame   0x00000000       0x54 c:/program files (x86)/gnu tools arm embedded/4.8 2014q2/bin/../lib/gcc/arm-none-eabi/4.8.4/../../../../arm-none-eabi/lib/armv6-m\libg.a(lib_a-freer.o)
 .text          0x00000000        0x0 c:/program files (x86)/gnu tools arm embedded/4.8 2014q2/bin/../lib/gcc/arm-none-eabi/4.8.4/../../../../arm-none-eabi/lib/armv6-m\libg.a(lib_a-memmove.o)
 .data          0x00000000        0x0 c:/program files (x86)/gnu tools arm embedded/4.8 2014q2/bin/../lib/gcc/arm-none-eabi/4.8.4/../../../../arm-none-eabi/lib/armv6-m\libg.a(lib_a-memmove.o)
 .bss           0x00000000        0x0 c:/program files (x86)/gnu tools arm embedded/4.8 2014q2/bin/../lib/gcc/arm-none-eabi/4.8.4/../../../../arm-none-eabi/lib/armv6-m\libg.a(lib_a-memmove.o)
 .text.memmove  0x00000000       0xa4 c:/program files (x86)/gnu tools arm embedded/4.8 2014q2/bin/../lib/gcc/arm-none-eabi/4.8.4/../../../../arm-none-eabi/lib/armv6-m\libg.a(lib_a-memmove.o)
 .ARM.attributes
                0x00000000       0x2c c:/program files (x86)/gnu tools arm embedded/4.8 2014q2/bin/../lib/gcc/arm-none-eabi/4.8.4/../../../../arm-none-eabi/lib/armv6-m\libg.a(lib_a-memmove.o)
 .debug_frame   0x00000000       0x30 c:/program files (x86)/gnu tools arm embedded/4.8 2014q2/bin/../lib/gcc/arm-none-eabi/4.8.4/../../../../arm-none-eabi/lib/armv6-m\libg.a(lib_a-memmove.o)
 .text          0x00000000        0x0 c:/program files (x86)/gnu tools arm embedded/4.8 2014q2/bin/../lib/gcc/arm-none-eabi/4.8.4/../../../../arm-none-eabi/lib/armv6-m\libg.a(lib_a-memset.o)
 .data          0x00000000        0x0 c:/program files (x86)/gnu tools arm embedded/4.8 2014q2/bin/../lib/gcc/arm-none-eabi/4.8.4/../../../../arm-none-eabi/lib/armv6-m\libg.a(lib_a-memset.o)
 .bss           0x00000000        0x0 c:/program files (x86)/gnu tools arm embedded/4.8 2014q2/bin/../lib/gcc/arm-none-eabi/4.8.4/../../../../arm-none-eabi/lib/armv6-m\libg.a(lib_a-memset.o)
 .text.memset   0x00000000       0x9c c:/program files (x86)/gnu tools arm embedded/4.8 2014q2/bin/../lib/gcc/arm-none-eabi/4.8.4/../../../../arm-none-eabi/lib/armv6-m\libg.a(lib_a-memset.o)
 .ARM.attributes
                0x00000000       0x2c c:/program files (x86)/gnu tools arm embedded/4.8 2014q2/bin/../lib/gcc/arm-none-eabi/4.8.4/../../../../arm-none-eabi/lib/armv6-m\libg.a(lib_a-memset.o)
 .debug_frame   0x00000000       0x30 c:/program files (x86)/gnu tools arm embedded/4.8 2014q2/bin/../lib/gcc/arm-none-eabi/4.8.4/../../../../arm-none-eabi/lib/armv6-m\libg.a(lib_a-memset.o)
 .text          0x00000000        0x0 c:/program files (x86)/gnu tools arm embedded/4.8 2014q2/bin/../lib/gcc/arm-none-eabi/4.8.4/../../../../arm-none-eabi/lib/armv6-m\libg.a(lib_a-reallocr.o)
 .data          0x00000000        0x0 c:/program files (x86)/gnu tools arm embedded/4.8 2014q2/bin/../lib/gcc/arm-none-eabi/4.8.4/../../../../arm-none-eabi/lib/armv6-m\libg.a(lib_a-reallocr.o)
 .bss           0x00000000        0x0 c:/program files (x86)/gnu tools arm embedded/4.8 2014q2/bin/../lib/gcc/arm-none-eabi/4.8.4/../../../../arm-none-eabi/lib/armv6-m\libg.a(lib_a-reallocr.o)
 .text._realloc_r
                0x00000000      0x360 c:/program files (x86)/gnu tools arm embedded/4.8 2014q2/bin/../lib/gcc/arm-none-eabi/4.8.4/../../../../arm-none-eabi/lib/armv6-m\libg.a(lib_a-reallocr.o)
 .ARM.attributes
                0x00000000       0x2c c:/program files (x86)/gnu tools arm embedded/4.8 2014q2/bin/../lib/gcc/arm-none-eabi/4.8.4/../../../../arm-none-eabi/lib/armv6-m\libg.a(lib_a-reallocr.o)
 .debug_frame   0x00000000       0x3c c:/program files (x86)/gnu tools arm embedded/4.8 2014q2/bin/../lib/gcc/arm-none-eabi/4.8.4/../../../../arm-none-eabi/lib/armv6-m\libg.a(lib_a-reallocr.o)
 .text          0x00000000        0x0 c:/program files (x86)/gnu tools arm embedded/4.8 2014q2/bin/../lib/gcc/arm-none-eabi/4.8.4/../../../../arm-none-eabi/lib/armv6-m\libg.a(lib_a-reent.o)
 .data          0x00000000        0x0 c:/program files (x86)/gnu tools arm embedded/4.8 2014q2/bin/../lib/gcc/arm-none-eabi/4.8.4/../../../../arm-none-eabi/lib/armv6-m\libg.a(lib_a-reent.o)
 .bss           0x00000000        0x0 c:/program files (x86)/gnu tools arm embedded/4.8 2014q2/bin/../lib/gcc/arm-none-eabi/4.8.4/../../../../arm-none-eabi/lib/armv6-m\libg.a(lib_a-reent.o)
 .text.cleanup_glue
                0x00000000       0x1c c:/program files (x86)/gnu tools arm embedded/4.8 2014q2/bin/../lib/gcc/arm-none-eabi/4.8.4/../../../../arm-none-eabi/lib/armv6-m\libg.a(lib_a-reent.o)
 .text._reclaim_reent
                0x00000000       0xa0 c:/program files (x86)/gnu tools arm embedded/4.8 2014q2/bin/../lib/gcc/arm-none-eabi/4.8.4/../../../../arm-none-eabi/lib/armv6-m\libg.a(lib_a-reent.o)
 .ARM.attributes
                0x00000000       0x2c c:/program files (x86)/gnu tools arm embedded/4.8 2014q2/bin/../lib/gcc/arm-none-eabi/4.8.4/../../../../arm-none-eabi/lib/armv6-m\libg.a(lib_a-reent.o)
 .debug_frame   0x00000000       0x48 c:/program files (x86)/gnu tools arm embedded/4.8 2014q2/bin/../lib/gcc/arm-none-eabi/4.8.4/../../../../arm-none-eabi/lib/armv6-m\libg.a(lib_a-reent.o)
 COMMON         0x00000000        0x4 c:/program files (x86)/gnu tools arm embedded/4.8 2014q2/bin/../lib/gcc/arm-none-eabi/4.8.4/../../../../arm-none-eabi/lib/armv6-m\libg.a(lib_a-reent.o)
 .text          0x00000000       0x7c c:/program files (x86)/gnu tools arm embedded/4.8 2014q2/bin/../lib/gcc/arm-none-eabi/4.8.4/armv6-m\libgcc.a(_arm_cmpdf2.o)
 .data          0x00000000        0x0 c:/program files (x86)/gnu tools arm embedded/4.8 2014q2/bin/../lib/gcc/arm-none-eabi/4.8.4/armv6-m\libgcc.a(_arm_cmpdf2.o)
 .bss           0x00000000        0x0 c:/program files (x86)/gnu tools arm embedded/4.8 2014q2/bin/../lib/gcc/arm-none-eabi/4.8.4/armv6-m\libgcc.a(_arm_cmpdf2.o)
 .ARM.attributes
                0x00000000       0x1e c:/program files (x86)/gnu tools arm embedded/4.8 2014q2/bin/../lib/gcc/arm-none-eabi/4.8.4/armv6-m\libgcc.a(_arm_cmpdf2.o)
 .text          0x00000000       0x40 c:/program files (x86)/gnu tools arm embedded/4.8 2014q2/bin/../lib/gcc/arm-none-eabi/4.8.4/armv6-m\libgcc.a(_aeabi_uldivmod.o)
 .data          0x00000000        0x0 c:/program files (x86)/gnu tools arm embedded/4.8 2014q2/bin/../lib/gcc/arm-none-eabi/4.8.4/armv6-m\libgcc.a(_aeabi_uldivmod.o)
 .bss           0x00000000        0x0 c:/program files (x86)/gnu tools arm embedded/4.8 2014q2/bin/../lib/gcc/arm-none-eabi/4.8.4/armv6-m\libgcc.a(_aeabi_uldivmod.o)
 .ARM.attributes
                0x00000000       0x1e c:/program files (x86)/gnu tools arm embedded/4.8 2014q2/bin/../lib/gcc/arm-none-eabi/4.8.4/armv6-m\libgcc.a(_aeabi_uldivmod.o)
 .text          0x00000000       0x6c c:/program files (x86)/gnu tools arm embedded/4.8 2014q2/bin/../lib/gcc/arm-none-eabi/4.8.4/armv6-m\libgcc.a(bpabi.o)
 .data          0x00000000        0x0 c:/program files (x86)/gnu tools arm embedded/4.8 2014q2/bin/../lib/gcc/arm-none-eabi/4.8.4/armv6-m\libgcc.a(bpabi.o)
 .bss           0x00000000        0x0 c:/program files (x86)/gnu tools arm embedded/4.8 2014q2/bin/../lib/gcc/arm-none-eabi/4.8.4/armv6-m\libgcc.a(bpabi.o)
 .ARM.attributes
                0x00000000       0x2c c:/program files (x86)/gnu tools arm embedded/4.8 2014q2/bin/../lib/gcc/arm-none-eabi/4.8.4/armv6-m\libgcc.a(bpabi.o)
 .debug_frame   0x00000000       0x50 c:/program files (x86)/gnu tools arm embedded/4.8 2014q2/bin/../lib/gcc/arm-none-eabi/4.8.4/armv6-m\libgcc.a(bpabi.o)
 .text          0x00000000      0x644 c:/program files (x86)/gnu tools arm embedded/4.8 2014q2/bin/../lib/gcc/arm-none-eabi/4.8.4/armv6-m\libgcc.a(adddf3.o)
 .data          0x00000000        0x0 c:/program files (x86)/gnu tools arm embedded/4.8 2014q2/bin/../lib/gcc/arm-none-eabi/4.8.4/armv6-m\libgcc.a(adddf3.o)
 .bss           0x00000000        0x0 c:/program files (x86)/gnu tools arm embedded/4.8 2014q2/bin/../lib/gcc/arm-none-eabi/4.8.4/armv6-m\libgcc.a(adddf3.o)
 .ARM.attributes
                0x00000000       0x2c c:/program files (x86)/gnu tools arm embedded/4.8 2014q2/bin/../lib/gcc/arm-none-eabi/4.8.4/armv6-m\libgcc.a(adddf3.o)
 .debug_frame   0x00000000       0x3c c:/program files (x86)/gnu tools arm embedded/4.8 2014q2/bin/../lib/gcc/arm-none-eabi/4.8.4/armv6-m\libgcc.a(adddf3.o)
 .text          0x00000000      0x648 c:/program files (x86)/gnu tools arm embedded/4.8 2014q2/bin/../lib/gcc/arm-none-eabi/4.8.4/armv6-m\libgcc.a(divdf3.o)
 .data          0x00000000        0x0 c:/program files (x86)/gnu tools arm embedded/4.8 2014q2/bin/../lib/gcc/arm-none-eabi/4.8.4/armv6-m\libgcc.a(divdf3.o)
 .bss           0x00000000        0x0 c:/program files (x86)/gnu tools arm embedded/4.8 2014q2/bin/../lib/gcc/arm-none-eabi/4.8.4/armv6-m\libgcc.a(divdf3.o)
 .rodata        0x00000000       0x40 c:/program files (x86)/gnu tools arm embedded/4.8 2014q2/bin/../lib/gcc/arm-none-eabi/4.8.4/armv6-m\libgcc.a(divdf3.o)
 .ARM.attributes
                0x00000000       0x2c c:/program files (x86)/gnu tools arm embedded/4.8 2014q2/bin/../lib/gcc/arm-none-eabi/4.8.4/armv6-m\libgcc.a(divdf3.o)
 .debug_frame   0x00000000       0x3c c:/program files (x86)/gnu tools arm embedded/4.8 2014q2/bin/../lib/gcc/arm-none-eabi/4.8.4/armv6-m\libgcc.a(divdf3.o)
 .text          0x00000000       0x94 c:/program files (x86)/gnu tools arm embedded/4.8 2014q2/bin/../lib/gcc/arm-none-eabi/4.8.4/armv6-m\libgcc.a(eqdf2.o)
 .data          0x00000000        0x0 c:/program files (x86)/gnu tools arm embedded/4.8 2014q2/bin/../lib/gcc/arm-none-eabi/4.8.4/armv6-m\libgcc.a(eqdf2.o)
 .bss           0x00000000        0x0 c:/program files (x86)/gnu tools arm embedded/4.8 2014q2/bin/../lib/gcc/arm-none-eabi/4.8.4/armv6-m\libgcc.a(eqdf2.o)
 .ARM.attributes
                0x00000000       0x2c c:/program files (x86)/gnu tools arm embedded/4.8 2014q2/bin/../lib/gcc/arm-none-eabi/4.8.4/armv6-m\libgcc.a(eqdf2.o)
 .debug_frame   0x00000000       0x3c c:/program files (x86)/gnu tools arm embedded/4.8 2014q2/bin/../lib/gcc/arm-none-eabi/4.8.4/armv6-m\libgcc.a(eqdf2.o)
 .text          0x00000000       0xfc c:/program files (x86)/gnu tools arm embedded/4.8 2014q2/bin/../lib/gcc/arm-none-eabi/4.8.4/armv6-m\libgcc.a(gedf2.o)
 .data          0x00000000        0x0 c:/program files (x86)/gnu tools arm embedded/4.8 2014q2/bin/../lib/gcc/arm-none-eabi/4.8.4/armv6-m\libgcc.a(gedf2.o)
 .bss           0x00000000        0x0 c:/program files (x86)/gnu tools arm embedded/4.8 2014q2/bin/../lib/gcc/arm-none-eabi/4.8.4/armv6-m\libgcc.a(gedf2.o)
 .ARM.attributes
                0x00000000       0x2c c:/program files (x86)/gnu tools arm embedded/4.8 2014q2/bin/../lib/gcc/arm-none-eabi/4.8.4/armv6-m\libgcc.a(gedf2.o)
 .debug_frame   0x00000000       0x38 c:/program files (x86)/gnu tools arm embedded/4.8 2014q2/bin/../lib/gcc/arm-none-eabi/4.8.4/armv6-m\libgcc.a(gedf2.o)
 .text          0x00000000       0xfc c:/program files (x86)/gnu tools arm embedded/4.8 2014q2/bin/../lib/gcc/arm-none-eabi/4.8.4/armv6-m\libgcc.a(ledf2.o)
 .data          0x00000000        0x0 c:/program files (x86)/gnu tools arm embedded/4.8 2014q2/bin/../lib/gcc/arm-none-eabi/4.8.4/armv6-m\libgcc.a(ledf2.o)
 .bss           0x00000000        0x0 c:/program files (x86)/gnu tools arm embedded/4.8 2014q2/bin/../lib/gcc/arm-none-eabi/4.8.4/armv6-m\libgcc.a(ledf2.o)
 .ARM.attributes
                0x00000000       0x2c c:/program files (x86)/gnu tools arm embedded/4.8 2014q2/bin/../lib/gcc/arm-none-eabi/4.8.4/armv6-m\libgcc.a(ledf2.o)
 .debug_frame   0x00000000       0x3c c:/program files (x86)/gnu tools arm embedded/4.8 2014q2/bin/../lib/gcc/arm-none-eabi/4.8.4/armv6-m\libgcc.a(ledf2.o)
 .text          0x00000000      0x520 c:/program files (x86)/gnu tools arm embedded/4.8 2014q2/bin/../lib/gcc/arm-none-eabi/4.8.4/armv6-m\libgcc.a(muldf3.o)
 .data          0x00000000        0x0 c:/program files (x86)/gnu tools arm embedded/4.8 2014q2/bin/../lib/gcc/arm-none-eabi/4.8.4/armv6-m\libgcc.a(muldf3.o)
 .bss           0x00000000        0x0 c:/program files (x86)/gnu tools arm embedded/4.8 2014q2/bin/../lib/gcc/arm-none-eabi/4.8.4/armv6-m\libgcc.a(muldf3.o)
 .rodata        0x00000000       0x40 c:/program files (x86)/gnu tools arm embedded/4.8 2014q2/bin/../lib/gcc/arm-none-eabi/4.8.4/armv6-m\libgcc.a(muldf3.o)
 .ARM.attributes
                0x00000000       0x2c c:/program files (x86)/gnu tools arm embedded/4.8 2014q2/bin/../lib/gcc/arm-none-eabi/4.8.4/armv6-m\libgcc.a(muldf3.o)
 .debug_frame   0x00000000       0x3c c:/program files (x86)/gnu tools arm embedded/4.8 2014q2/bin/../lib/gcc/arm-none-eabi/4.8.4/armv6-m\libgcc.a(muldf3.o)
 .text          0x00000000      0x668 c:/program files (x86)/gnu tools arm embedded/4.8 2014q2/bin/../lib/gcc/arm-none-eabi/4.8.4/armv6-m\libgcc.a(subdf3.o)
 .data          0x00000000        0x0 c:/program files (x86)/gnu tools arm embedded/4.8 2014q2/bin/../lib/gcc/arm-none-eabi/4.8.4/armv6-m\libgcc.a(subdf3.o)
 .bss           0x00000000        0x0 c:/program files (x86)/gnu tools arm embedded/4.8 2014q2/bin/../lib/gcc/arm-none-eabi/4.8.4/armv6-m\libgcc.a(subdf3.o)
 .ARM.attributes
                0x00000000       0x2c c:/program files (x86)/gnu tools arm embedded/4.8 2014q2/bin/../lib/gcc/arm-none-eabi/4.8.4/armv6-m\libgcc.a(subdf3.o)
 .debug_frame   0x00000000       0x3c c:/program files (x86)/gnu tools arm embedded/4.8 2014q2/bin/../lib/gcc/arm-none-eabi/4.8.4/armv6-m\libgcc.a(subdf3.o)
 .text          0x00000000       0x68 c:/program files (x86)/gnu tools arm embedded/4.8 2014q2/bin/../lib/gcc/arm-none-eabi/4.8.4/armv6-m\libgcc.a(fixdfsi.o)
 .data          0x00000000        0x0 c:/program files (x86)/gnu tools arm embedded/4.8 2014q2/bin/../lib/gcc/arm-none-eabi/4.8.4/armv6-m\libgcc.a(fixdfsi.o)
 .bss           0x00000000        0x0 c:/program files (x86)/gnu tools arm embedded/4.8 2014q2/bin/../lib/gcc/arm-none-eabi/4.8.4/armv6-m\libgcc.a(fixdfsi.o)
 .ARM.attributes
                0x00000000       0x2c c:/program files (x86)/gnu tools arm embedded/4.8 2014q2/bin/../lib/gcc/arm-none-eabi/4.8.4/armv6-m\libgcc.a(fixdfsi.o)
 .debug_frame   0x00000000       0x2c c:/program files (x86)/gnu tools arm embedded/4.8 2014q2/bin/../lib/gcc/arm-none-eabi/4.8.4/armv6-m\libgcc.a(fixdfsi.o)
 .text          0x00000000       0x7c c:/program files (x86)/gnu tools arm embedded/4.8 2014q2/bin/../lib/gcc/arm-none-eabi/4.8.4/armv6-m\libgcc.a(floatsidf.o)
 .data          0x00000000        0x0 c:/program files (x86)/gnu tools arm embedded/4.8 2014q2/bin/../lib/gcc/arm-none-eabi/4.8.4/armv6-m\libgcc.a(floatsidf.o)
 .bss           0x00000000        0x0 c:/program files (x86)/gnu tools arm embedded/4.8 2014q2/bin/../lib/gcc/arm-none-eabi/4.8.4/armv6-m\libgcc.a(floatsidf.o)
 .ARM.attributes
                0x00000000       0x2c c:/program files (x86)/gnu tools arm embedded/4.8 2014q2/bin/../lib/gcc/arm-none-eabi/4.8.4/armv6-m\libgcc.a(floatsidf.o)
 .debug_frame   0x00000000       0x30 c:/program files (x86)/gnu tools arm embedded/4.8 2014q2/bin/../lib/gcc/arm-none-eabi/4.8.4/armv6-m\libgcc.a(floatsidf.o)
 .text          0x00000000       0x68 c:/program files (x86)/gnu tools arm embedded/4.8 2014q2/bin/../lib/gcc/arm-none-eabi/4.8.4/armv6-m\libgcc.a(floatunsidf.o)
 .data          0x00000000        0x0 c:/program files (x86)/gnu tools arm embedded/4.8 2014q2/bin/../lib/gcc/arm-none-eabi/4.8.4/armv6-m\libgcc.a(floatunsidf.o)
 .bss           0x00000000        0x0 c:/program files (x86)/gnu tools arm embedded/4.8 2014q2/bin/../lib/gcc/arm-none-eabi/4.8.4/armv6-m\libgcc.a(floatunsidf.o)
 .ARM.attributes
                0x00000000       0x2c c:/program files (x86)/gnu tools arm embedded/4.8 2014q2/bin/../lib/gcc/arm-none-eabi/4.8.4/armv6-m\libgcc.a(floatunsidf.o)
 .debug_frame   0x00000000       0x28 c:/program files (x86)/gnu tools arm embedded/4.8 2014q2/bin/../lib/gcc/arm-none-eabi/4.8.4/armv6-m\libgcc.a(floatunsidf.o)
 .text          0x00000000       0x44 c:/program files (x86)/gnu tools arm embedded/4.8 2014q2/bin/../lib/gcc/arm-none-eabi/4.8.4/armv6-m\libgcc.a(_muldi3.o)
 .data          0x00000000        0x0 c:/program files (x86)/gnu tools arm embedded/4.8 2014q2/bin/../lib/gcc/arm-none-eabi/4.8.4/armv6-m\libgcc.a(_muldi3.o)
 .bss           0x00000000        0x0 c:/program files (x86)/gnu tools arm embedded/4.8 2014q2/bin/../lib/gcc/arm-none-eabi/4.8.4/armv6-m\libgcc.a(_muldi3.o)
 .ARM.attributes
                0x00000000       0x2c c:/program files (x86)/gnu tools arm embedded/4.8 2014q2/bin/../lib/gcc/arm-none-eabi/4.8.4/armv6-m\libgcc.a(_muldi3.o)
 .debug_frame   0x00000000       0x30 c:/program files (x86)/gnu tools arm embedded/4.8 2014q2/bin/../lib/gcc/arm-none-eabi/4.8.4/armv6-m\libgcc.a(_muldi3.o)
 .text          0x00000000      0x3b8 c:/program files (x86)/gnu tools arm embedded/4.8 2014q2/bin/../lib/gcc/arm-none-eabi/4.8.4/armv6-m\libgcc.a(_divdi3.o)
 .data          0x00000000        0x0 c:/program files (x86)/gnu tools arm embedded/4.8 2014q2/bin/../lib/gcc/arm-none-eabi/4.8.4/armv6-m\libgcc.a(_divdi3.o)
 .bss           0x00000000        0x0 c:/program files (x86)/gnu tools arm embedded/4.8 2014q2/bin/../lib/gcc/arm-none-eabi/4.8.4/armv6-m\libgcc.a(_divdi3.o)
 .ARM.extab     0x00000000        0x0 c:/program files (x86)/gnu tools arm embedded/4.8 2014q2/bin/../lib/gcc/arm-none-eabi/4.8.4/armv6-m\libgcc.a(_divdi3.o)
 .ARM.exidx     0x00000000        0x8 c:/program files (x86)/gnu tools arm embedded/4.8 2014q2/bin/../lib/gcc/arm-none-eabi/4.8.4/armv6-m\libgcc.a(_divdi3.o)
 .ARM.attributes
                0x00000000       0x2c c:/program files (x86)/gnu tools arm embedded/4.8 2014q2/bin/../lib/gcc/arm-none-eabi/4.8.4/armv6-m\libgcc.a(_divdi3.o)
 .debug_frame   0x00000000       0x3c c:/program files (x86)/gnu tools arm embedded/4.8 2014q2/bin/../lib/gcc/arm-none-eabi/4.8.4/armv6-m\libgcc.a(_divdi3.o)
 .text          0x00000000      0x384 c:/program files (x86)/gnu tools arm embedded/4.8 2014q2/bin/../lib/gcc/arm-none-eabi/4.8.4/armv6-m\libgcc.a(_udivdi3.o)
 .data          0x00000000        0x0 c:/program files (x86)/gnu tools arm embedded/4.8 2014q2/bin/../lib/gcc/arm-none-eabi/4.8.4/armv6-m\libgcc.a(_udivdi3.o)
 .bss           0x00000000        0x0 c:/program files (x86)/gnu tools arm embedded/4.8 2014q2/bin/../lib/gcc/arm-none-eabi/4.8.4/armv6-m\libgcc.a(_udivdi3.o)
 .ARM.extab     0x00000000        0x0 c:/program files (x86)/gnu tools arm embedded/4.8 2014q2/bin/../lib/gcc/arm-none-eabi/4.8.4/armv6-m\libgcc.a(_udivdi3.o)
 .ARM.exidx     0x00000000        0x8 c:/program files (x86)/gnu tools arm embedded/4.8 2014q2/bin/../lib/gcc/arm-none-eabi/4.8.4/armv6-m\libgcc.a(_udivdi3.o)
 .ARM.attributes
                0x00000000       0x2c c:/program files (x86)/gnu tools arm embedded/4.8 2014q2/bin/../lib/gcc/arm-none-eabi/4.8.4/armv6-m\libgcc.a(_udivdi3.o)
 .debug_frame   0x00000000       0x3c c:/program files (x86)/gnu tools arm embedded/4.8 2014q2/bin/../lib/gcc/arm-none-eabi/4.8.4/armv6-m\libgcc.a(_udivdi3.o)

Memory Configuration

Name             Origin             Length             Attributes
rom              0x08000000         0x00008000         xr
ram              0x20000000         0x00001000         xrw
*default*        0x00000000         0xffffffff

Linker script and memory map

                0x20001000                _eram = 0x20001000

.text           0x08000000      0xa78
 *(.isr_vector)
 .isr_vector    0x08000000       0xc4 ..\obj\startup_stm32f0xx.o
                0x08000000                g_pfnVectors
 *(.text*)
 .text.RCC_AHBPeriphClockCmd
                0x080000c4       0x1c ..\obj\stm32f0xx_rcc.o
                0x080000c4                RCC_AHBPeriphClockCmd
 .text.RCC_APB2PeriphClockCmd
                0x080000e0       0x1c ..\obj\stm32f0xx_rcc.o
                0x080000e0                RCC_APB2PeriphClockCmd
 .text.qSin     0x080000fc       0x40 ..\obj\GFXC.o
                0x080000fc                qSin
 .text.Ellipse  0x0800013c       0x5c ..\obj\GFXC.o
                0x0800013c                Ellipse
 .text.Circle   0x08000198       0x14 ..\obj\GFXC.o
                0x08000198                Circle
 .text.Delay    0x080001ac       0x28 ..\obj\ILI9163.o
                0x080001ac                Delay
 .text.SB       0x080001d4       0x3c ..\obj\ILI9163.o
                0x080001d4                SB
 .text.SW       0x08000210       0x50 ..\obj\ILI9163.o
                0x08000210                SW
 .text.SetAddr  0x08000260       0x68 ..\obj\ILI9163.o
                0x08000260                SetAddr
 .text.SetScrn  0x080002c8       0xdc ..\obj\ILI9163.o
                0x080002c8                SetScrn
 .text.ClrScrn  0x080003a4       0x10 ..\obj\ILI9163.o
                0x080003a4                ClrScrn
 .text.PCol     0x080003b4        0xc ..\obj\ILI9163.o
                0x080003b4                PCol
 .text.WritePix
                0x080003c0       0x18 ..\obj\ILI9163.o
                0x080003c0                WritePix
 .text.SleepMode
                0x080003d8       0x20 ..\obj\ILI9163.o
                0x080003d8                SleepMode
 .text.InvMode  0x080003f8       0x1c ..\obj\ILI9163.o
                0x080003f8                InvMode
 .text.ILI9163Init
                0x08000414      0x180 ..\obj\ILI9163.o
                0x08000414                ILI9163Init
 .text.SysTick_Handler
                0x08000594       0x40 ..\obj\main.o
                0x08000594                SysTick_Handler
 .text.main     0x080005d4       0x68 ..\obj\main.o
                0x080005d4                main
 .text.Reset_Handler
                0x0800063c       0x4c ..\obj\startup_stm32f0xx.o
                0x0800063c                Reset_Handler
 .text.Default_Handler
                0x08000688        0x2 ..\obj\startup_stm32f0xx.o
                0x08000688                TIM1_CC_IRQHandler
                0x08000688                HardFault_Handler
                0x08000688                ADC1_COMP_IRQHandler
                0x08000688                PVD_IRQHandler
                0x08000688                PendSV_Handler
                0x08000688                NMI_Handler
                0x08000688                I2C1_IRQHandler
                0x08000688                SPI1_IRQHandler
                0x08000688                TIM6_DAC_IRQHandler
                0x08000688                EXTI2_3_IRQHandler
                0x08000688                I2C2_IRQHandler
                0x08000688                TIM17_IRQHandler
                0x08000688                RTC_IRQHandler
                0x08000688                TIM16_IRQHandler
                0x08000688                TIM3_IRQHandler
                0x08000688                EXTI4_15_IRQHandler
                0x08000688                RCC_IRQHandler
                0x08000688                DMA1_Channel1_IRQHandler
                0x08000688                Default_Handler
                0x08000688                CEC_IRQHandler
                0x08000688                TIM14_IRQHandler
                0x08000688                DMA1_Channel4_5_IRQHandler
                0x08000688                TIM15_IRQHandler
                0x08000688                EXTI0_1_IRQHandler
                0x08000688                SPI2_IRQHandler
                0x08000688                SVC_Handler
                0x08000688                TS_IRQHandler
                0x08000688                WWDG_IRQHandler
                0x08000688                TIM2_IRQHandler
                0x08000688                DMA1_Channel2_3_IRQHandler
                0x08000688                USART2_IRQHandler
                0x08000688                FLASH_IRQHandler
                0x08000688                USART1_IRQHandler
                0x08000688                TIM1_BRK_UP_TRG_COM_IRQHandler
 *fill*         0x0800068a        0x2 
 .text.SPI_Init
                0x0800068c       0x54 ..\obj\stm32f0xx_spi.o
                0x0800068c                SPI_Init
 .text.SPI_Cmd  0x080006e0       0x18 ..\obj\stm32f0xx_spi.o
                0x080006e0                SPI_Cmd
 .text.SPI_SendData8
                0x080006f8        0x4 ..\obj\stm32f0xx_spi.o
                0x080006f8                SPI_SendData8
 .text.SPI_I2S_GetFlagStatus
                0x080006fc        0xc ..\obj\stm32f0xx_spi.o
                0x080006fc                SPI_I2S_GetFlagStatus
 .text.GPIO_Init
                0x08000708       0xa4 ..\obj\stm32f0xx_gpio.o
                0x08000708                GPIO_Init
 .text.GPIO_SetBits
                0x080007ac        0x4 ..\obj\stm32f0xx_gpio.o
                0x080007ac                GPIO_SetBits
 .text.GPIO_ResetBits
                0x080007b0        0x4 ..\obj\stm32f0xx_gpio.o
                0x080007b0                GPIO_ResetBits
 .text.GPIO_PinAFConfig
                0x080007b4       0x24 ..\obj\stm32f0xx_gpio.o
                0x080007b4                GPIO_PinAFConfig
 .text.SystemInit
                0x080007d8       0xb8 ..\obj\system_stm32f0xx.o
                0x080007d8                SystemInit
 .text.SystemCoreClockUpdate
                0x08000890       0x88 ..\obj\system_stm32f0xx.o
                0x08000890                SystemCoreClockUpdate
 .text          0x08000918       0x9c c:/program files (x86)/gnu tools arm embedded/4.8 2014q2/bin/../lib/gcc/arm-none-eabi/4.8.4/armv6-m\libgcc.a(_udivsi3.o)
                0x08000918                __aeabi_uidiv
                0x08000918                __udivsi3
                0x080009a0                __aeabi_uidivmod
 .text          0x080009b4       0xc0 c:/program files (x86)/gnu tools arm embedded/4.8 2014q2/bin/../lib/gcc/arm-none-eabi/4.8.4/armv6-m\libgcc.a(_divsi3.o)
                0x080009b4                __divsi3
                0x080009b4                __aeabi_idiv
                0x08000a60                __aeabi_idivmod
 .text          0x08000a74        0x4 c:/program files (x86)/gnu tools arm embedded/4.8 2014q2/bin/../lib/gcc/arm-none-eabi/4.8.4/armv6-m\libgcc.a(_dvmd_tls.o)
                0x08000a74                __aeabi_idiv0
                0x08000a74                __aeabi_ldiv0
 *(.init)
 *(.fini)
 *crtbegin.o(.ctors)
 *crtbegin?.o(.ctors)
 *(EXCLUDE_FILE(*crtend.o *crtend?.o) .ctors)
 *(SORT(.ctors.*))
 *(.ctors)
 *crtbegin.o(.dtors)
 *crtbegin?.o(.dtors)
 *(EXCLUDE_FILE(*crtend.o *crtend?.o) .dtors)
 *(SORT(.dtors.*))
 *(.dtors)
 *(.rodata*)
 *(.eh_fram e*)

.glue_7         0x08000a78        0x0
 .glue_7        0x00000000        0x0 linker stubs

.glue_7t        0x08000a78        0x0
 .glue_7t       0x00000000        0x0 linker stubs

.vfp11_veneer   0x08000a78        0x0
 .vfp11_veneer  0x00000000        0x0 linker stubs

.v4_bx          0x08000a78        0x0
 .v4_bx         0x00000000        0x0 linker stubs

.iplt           0x08000a78        0x0
 .iplt          0x00000000        0x0 ..\obj\stm32f0xx_rcc.o

.rel.dyn        0x08000a78        0x0
 .rel.iplt      0x00000000        0x0 ..\obj\stm32f0xx_rcc.o

.ARM.extab
 *(.ARM.extab* .gnu.linkonce.armextab.*)
                0x08000a78                __exidx_start = .

.ARM.exidx
 *(.ARM.exidx* .gnu.linkonce.armexidx.*)
                0x08000a78                __exidx_end = .
                0x08000a78                __etext = .
                0x08000a78                _sidata = __etext

.data           0x20000000       0x18 load address 0x08000a78
                0x20000000                __data_start__ = .
                0x20000000                _sdata = __data_start__
 *(vtable)
 *(.data*)
 .data          0x20000000        0x1 ..\obj\main.o
                0x20000000                BLLevel
 *fill*         0x20000001        0x3 
 .data          0x20000004       0x14 ..\obj\system_stm32f0xx.o
                0x20000004                SystemCoreClock
                0x20000008                AHBPrescTable
                0x20000018                . = ALIGN (0x4)
                0x20000018                PROVIDE (__preinit_array_start, .)
 *(.preinit_array)
                0x20000018                PROVIDE (__preinit_array_end, .)
                0x20000018                . = ALIGN (0x4)
                0x20000018                PROVIDE (__init_array_start, .)
 *(SORT(.init_array.*))
 *(.init_array)
                0x20000018                PROVIDE (__init_array_end, .)
                0x20000018                . = ALIGN (0x4)
                0x20000018                PROVIDE (__fini_array_start, .)
 *(SORT(.fini_array.*))
 *(.fini_array)
                0x20000018                PROVIDE (__fini_array_end, .)
 *(.jcr*)
                0x20000018                . = ALIGN (0x4)
                0x20000018                __data_end__ = .
                0x20000018                _edata = __data_end__

.igot.plt       0x20000018        0x0 load address 0x08000a90
 .igot.plt      0x00000000        0x0 ..\obj\stm32f0xx_rcc.o

.bss            0x20000018       0x24 load address 0x08000a90
                0x20000018                . = ALIGN (0x4)
                0x20000018                __bss_start__ = .
                0x20000018                _sbss = __bss_start__
 *(.bss*)
 .bss           0x20000018        0x8 ..\obj\main.o
                0x2000001c                MSec
 *(COMMON)
 COMMON         0x20000020       0x1c ..\obj\ILI9163.o
                0x20000020                S
                0x20000034                G
                0x2000003c                . = ALIGN (0x4)
                0x2000003c                __bss_end__ = .
                0x2000003c                _ebss = __bss_end__

.heap           0x2000003c        0x0
                0x2000003c                __end__ = .
                0x2000003c                _end = __end__
                0x2000003c                end = __end__
 *(.heap*)
                0x2000003c                __HeapLimit = .

.co_stack       0x2000003c        0x4 load address 0x08000ab4
                0x20000040                . = ALIGN (0x8)
 *fill*         0x2000003c        0x4 
 *(.co_stack .co_stack.*)
                0x20001000                __StackTop = (ORIGIN (ram) + 0x1000)
                0x20000ffc                __StackLimit = (__StackTop - SIZEOF (.co_stack))
                0x20001000                PROVIDE (__stack, __StackTop)
                0x00000001                ASSERT ((__StackLimit >= __HeapLimit), region ram  overflowed with stack)
LOAD ..\obj\stm32f0xx_rcc.o
LOAD ..\obj\stm32f0xx_adc.o
LOAD ..\obj\GFXC.o
LOAD ..\obj\ILI9163.o
LOAD ..\obj\main.o
LOAD ..\obj\startup_stm32f0xx.o
LOAD ..\obj\stm32f0xx_spi.o
LOAD ..\obj\stm32f0xx_gpio.o
LOAD ..\obj\syscalls.o
LOAD ..\obj\system_stm32f0xx.o
LOAD c:/program files (x86)/gnu tools arm embedded/4.8 2014q2/bin/../lib/gcc/arm-none-eabi/4.8.4/../../../../arm-none-eabi/lib/armv6-m\libm.a
START GROUP
LOAD c:/program files (x86)/gnu tools arm embedded/4.8 2014q2/bin/../lib/gcc/arm-none-eabi/4.8.4/armv6-m\libgcc.a
LOAD c:/program files (x86)/gnu tools arm embedded/4.8 2014q2/bin/../lib/gcc/arm-none-eabi/4.8.4/../../../../arm-none-eabi/lib/armv6-m\libg.a
LOAD c:/program files (x86)/gnu tools arm embedded/4.8 2014q2/bin/../lib/gcc/arm-none-eabi/4.8.4/../../../../arm-none-eabi/lib/armv6-m\libc.a
END GROUP
OUTPUT(ILI9163.elf elf32-littlearm)

.debug_info     0x00000000     0x4ae6
 .debug_info    0x00000000      0x9f6 ..\obj\stm32f0xx_rcc.o
 .debug_info    0x000009f6     0x14e4 ..\obj\GFXC.o
 .debug_info    0x00001eda      0xfb9 ..\obj\ILI9163.o
 .debug_info    0x00002e93      0x6d8 ..\obj\main.o
 .debug_info    0x0000356b       0xa1 ..\obj\startup_stm32f0xx.o
 .debug_info    0x0000360c      0xb44 ..\obj\stm32f0xx_spi.o
 .debug_info    0x00004150      0x6e7 ..\obj\stm32f0xx_gpio.o
 .debug_info    0x00004837      0x2af ..\obj\system_stm32f0xx.o

.debug_abbrev   0x00000000      0xe20
 .debug_abbrev  0x00000000      0x22e ..\obj\stm32f0xx_rcc.o
 .debug_abbrev  0x0000022e      0x2b4 ..\obj\GFXC.o
 .debug_abbrev  0x000004e2      0x214 ..\obj\ILI9163.o
 .debug_abbrev  0x000006f6      0x253 ..\obj\main.o
 .debug_abbrev  0x00000949       0x12 ..\obj\startup_stm32f0xx.o
 .debug_abbrev  0x0000095b      0x1e5 ..\obj\stm32f0xx_spi.o
 .debug_abbrev  0x00000b40      0x1d2 ..\obj\stm32f0xx_gpio.o
 .debug_abbrev  0x00000d12      0x10e ..\obj\system_stm32f0xx.o

.debug_loc      0x00000000     0x306b
 .debug_loc     0x00000000      0x88a ..\obj\stm32f0xx_rcc.o
 .debug_loc     0x0000088a     0x1ac1 ..\obj\GFXC.o
 .debug_loc     0x0000234b      0x360 ..\obj\ILI9163.o
 .debug_loc     0x000026ab       0x20 ..\obj\main.o
 .debug_loc     0x000026cb      0x647 ..\obj\stm32f0xx_spi.o
 .debug_loc     0x00002d12      0x235 ..\obj\stm32f0xx_gpio.o
 .debug_loc     0x00002f47      0x124 ..\obj\system_stm32f0xx.o

.debug_aranges  0x00000000      0x490
 .debug_aranges
                0x00000000      0x150 ..\obj\stm32f0xx_rcc.o
 .debug_aranges
                0x00000150       0xc0 ..\obj\GFXC.o
 .debug_aranges
                0x00000210       0x78 ..\obj\ILI9163.o
 .debug_aranges
                0x00000288       0x28 ..\obj\main.o
 .debug_aranges
                0x000002b0       0x28 ..\obj\startup_stm32f0xx.o
 .debug_aranges
                0x000002d8      0x110 ..\obj\stm32f0xx_spi.o
 .debug_aranges
                0x000003e8       0x80 ..\obj\stm32f0xx_gpio.o
 .debug_aranges
                0x00000468       0x28 ..\obj\system_stm32f0xx.o

.debug_ranges   0x00000000      0x418
 .debug_ranges  0x00000000      0x140 ..\obj\stm32f0xx_rcc.o
 .debug_ranges  0x00000140       0xb0 ..\obj\GFXC.o
 .debug_ranges  0x000001f0       0x68 ..\obj\ILI9163.o
 .debug_ranges  0x00000258       0x18 ..\obj\main.o
 .debug_ranges  0x00000270       0x20 ..\obj\startup_stm32f0xx.o
 .debug_ranges  0x00000290      0x100 ..\obj\stm32f0xx_spi.o
 .debug_ranges  0x00000390       0x70 ..\obj\stm32f0xx_gpio.o
 .debug_ranges  0x00000400       0x18 ..\obj\system_stm32f0xx.o

.debug_line     0x00000000     0x181a
 .debug_line    0x00000000      0x4f6 ..\obj\stm32f0xx_rcc.o
 .debug_line    0x000004f6      0x41d ..\obj\GFXC.o
 .debug_line    0x00000913      0x345 ..\obj\ILI9163.o
 .debug_line    0x00000c58      0x243 ..\obj\main.o
 .debug_line    0x00000e9b       0xaa ..\obj\startup_stm32f0xx.o
 .debug_line    0x00000f45      0x46d ..\obj\stm32f0xx_spi.o
 .debug_line    0x000013b2      0x2e0 ..\obj\stm32f0xx_gpio.o
 .debug_line    0x00001692      0x188 ..\obj\system_stm32f0xx.o

.debug_str      0x00000000     0x1488
 .debug_str     0x00000000      0x68d ..\obj\stm32f0xx_rcc.o
                                0x72b (size before relaxing)
 .debug_str     0x0000068d      0x2a8 ..\obj\GFXC.o
                                0x42f (size before relaxing)
 .debug_str     0x00000935      0x380 ..\obj\ILI9163.o
                                0x5bf (size before relaxing)
 .debug_str     0x00000cb5      0x285 ..\obj\main.o
                                0x516 (size before relaxing)
 .debug_str     0x00000f3a      0x384 ..\obj\stm32f0xx_spi.o
                                0x733 (size before relaxing)
 .debug_str     0x000012be      0x153 ..\obj\stm32f0xx_gpio.o
                                0x4a7 (size before relaxing)
 .debug_str     0x00001411       0x77 ..\obj\system_stm32f0xx.o
                                0x25d (size before relaxing)

.comment        0x00000000       0x70
 .comment       0x00000000       0x70 ..\obj\stm32f0xx_rcc.o
                                 0x71 (size before relaxing)
 .comment       0x00000000       0x71 ..\obj\GFXC.o
 .comment       0x00000000       0x71 ..\obj\ILI9163.o
 .comment       0x00000000       0x71 ..\obj\main.o
 .comment       0x00000000       0x71 ..\obj\stm32f0xx_spi.o
 .comment       0x00000000       0x71 ..\obj\stm32f0xx_gpio.o
 .comment       0x00000000       0x71 ..\obj\system_stm32f0xx.o

.ARM.attributes
                0x00000000       0x2f
 .ARM.attributes
                0x00000000       0x31 ..\obj\stm32f0xx_rcc.o
 .ARM.attributes
                0x00000031       0x31 ..\obj\GFXC.o
 .ARM.attributes
                0x00000062       0x31 ..\obj\ILI9163.o
 .ARM.attributes
                0x00000093       0x31 ..\obj\main.o
 .ARM.attributes
                0x000000c4       0x21 ..\obj\startup_stm32f0xx.o
 .ARM.attributes
                0x000000e5       0x31 ..\obj\stm32f0xx_spi.o
 .ARM.attributes
                0x00000116       0x31 ..\obj\stm32f0xx_gpio.o
 .ARM.attributes
                0x00000147       0x31 ..\obj\system_stm32f0xx.o
 .ARM.attributes
                0x00000178       0x1e c:/program files (x86)/gnu tools arm embedded/4.8 2014q2/bin/../lib/gcc/arm-none-eabi/4.8.4/armv6-m\libgcc.a(_udivsi3.o)
 .ARM.attributes
                0x00000196       0x1e c:/program files (x86)/gnu tools arm embedded/4.8 2014q2/bin/../lib/gcc/arm-none-eabi/4.8.4/armv6-m\libgcc.a(_divsi3.o)
 .ARM.attributes
                0x000001b4       0x1e c:/program files (x86)/gnu tools arm embedded/4.8 2014q2/bin/../lib/gcc/arm-none-eabi/4.8.4/armv6-m\libgcc.a(_dvmd_tls.o)

.debug_frame    0x00000000      0xacc
 .debug_frame   0x00000000      0x2a8 ..\obj\stm32f0xx_rcc.o
 .debug_frame   0x000002a8      0x2ec ..\obj\GFXC.o
 .debug_frame   0x00000594      0x144 ..\obj\ILI9163.o
 .debug_frame   0x000006d8       0x40 ..\obj\main.o
 .debug_frame   0x00000718      0x22c ..\obj\stm32f0xx_spi.o
 .debug_frame   0x00000944      0x108 ..\obj\stm32f0xx_gpio.o
 .debug_frame   0x00000a4c       0x40 ..\obj\system_stm32f0xx.o
 .debug_frame   0x00000a8c       0x20 c:/program files (x86)/gnu tools arm embedded/4.8 2014q2/bin/../lib/gcc/arm-none-eabi/4.8.4/armv6-m\libgcc.a(_udivsi3.o)
 .debug_frame   0x00000aac       0x20 c:/program files (x86)/gnu tools arm embedded/4.8 2014q2/bin/../lib/gcc/arm-none-eabi/4.8.4/armv6-m\libgcc.a(_divsi3.o)
